2026-05-25 18:25:21 | ModelManager | INFO | [CL_ENCODER] loaded from /home/tsukii0607/.openclaw/workspace-quant/kiro-quant-v3/self_learn/models/cl_encoder.pkl
2026-05-25 18:25:21 | FutuConnector | INFO | Loaded Futu host from config.json: 127.0.0.1
2026-05-25 18:25:21 | FutuConnector | INFO | Loaded Futu port from config.json: 11112
2026-05-25 18:25:21 | FutuConnector | INFO | Loaded Futu trd_env from config.json: SIMULATE
2026-05-25 18:25:21 | FutuConnector | INFO | Loaded target_acc_id from config.json: 18526451
2026-05-25 18:25:21 | FutuConnector | INFO | Loaded explicit HK account from config.json: acc_id=14239754
2026-05-25 18:25:21 | FutuConnector | INFO | Loaded explicit US account from config.json: acc_id=18526451
2026-05-25 18:25:21 | TechnicalIndicatorGenerator | WARNING | TA-Lib unavailable, using pandas fallback indicators: No module named 'talib'
2026-05-25 18:25:21 | LiveTradingLoop | INFO | [SCREENER] Today's top picks: ['NVDA', 'GOOGL', 'MSFT', 'AVGO', 'TSM', 'AMD']
2026-05-25 18:25:21 | LiveTradingLoop | INFO | Switching model for market IDLE: v3_us_stocks
2026-05-25 18:25:21 | ModelManager | INFO | Resolved model 'v3_us_stocks' -> global_state_v4_1_best.pth
2026-05-25 18:25:21 | ModelManager | WARNING | Checkpoint metadata warning [global_state_v4_1_best.pth]: Missing metadata sidecar (global_state_v4_1_best.meta.json). Checkpoint provenance is unknown. Run save_metadata() after training.
2026-05-25 18:25:21 | ModelManager | INFO | Rebuilding model as AttentiveKiroLSTM(input=27, hidden=96, layers=2, heads=4)
2026-05-25 18:25:21 | ModelManager | INFO | Loaded model checkpoint from v3_pipeline/models/trained_models/global_state_v4_1_best.pth
2026-05-25 18:25:23 | LiveTradingLoop | WARNING | {"event":"opend_guard","status":"waiting","host":"127.0.0.1","port":11112,"attempt":1,"remaining_s":58.0}
2026-05-25 18:25:30 | LiveTradingLoop | WARNING | {"event":"opend_guard","status":"waiting","host":"127.0.0.1","port":11112,"attempt":2,"remaining_s":51.0}
2026-05-25 18:25:37 | LiveTradingLoop | WARNING | {"event":"opend_guard","status":"waiting","host":"127.0.0.1","port":11112,"attempt":3,"remaining_s":44.0}
2026-05-25 18:25:47 | LiveTradingLoop | WARNING | {"event":"opend_guard","status":"waiting","host":"127.0.0.1","port":11112,"attempt":4,"remaining_s":37.0}
2026-05-25 18:25:54 | LiveTradingLoop | WARNING | {"event":"opend_guard","status":"waiting","host":"127.0.0.1","port":11112,"attempt":5,"remaining_s":30.0}
2026-05-25 18:26:01 | LiveTradingLoop | WARNING | {"event":"opend_guard","status":"waiting","host":"127.0.0.1","port":11112,"attempt":6,"remaining_s":23.0}
2026-05-25 18:26:08 | LiveTradingLoop | WARNING | {"event":"opend_guard","status":"waiting","host":"127.0.0.1","port":11112,"attempt":7,"remaining_s":16.0}
2026-05-25 18:26:15 | LiveTradingLoop | WARNING | {"event":"opend_guard","status":"waiting","host":"127.0.0.1","port":11112,"attempt":8,"remaining_s":9.0}
2026-05-25 18:26:25 | LiveTradingLoop | WARNING | {"event":"opend_guard","status":"waiting","host":"127.0.0.1","port":11112,"attempt":9,"remaining_s":2.0}
2026-05-25 18:26:27 | LiveTradingLoop | ERROR | {"event":"opend_guard","status":"timeout","host":"127.0.0.1","port":11112,"max_wait_s":60.0}
2026-05-25 18:26:27 | LiveTradingLoop | ERROR | OpenD not reachable at 127.0.0.1:11112 after 60s — starting in degraded (collect-only) mode
[launcher] Injecting Dynamic Watchlist: ['NVDA', 'GOOGL', 'MSFT', 'AVGO', 'TSM', 'AMD']
2026-05-25 18:26:47,276 | 18361 | 132240901650112 | [open_context_base.py:434] _connect_sync: Connect fail: conn=0(1); msg=Timeout; context=<futu.quote.open_quote_context.OpenQuoteContext object at 0x7845bdfa0980>
2026-05-25 18:27:16,273 | 18361 | 132240901650112 | [open_context_base.py:434] _connect_sync: Connect fail: conn=0(2); msg=Timeout; context=<futu.quote.open_quote_context.OpenQuoteContext object at 0x7845bdfa0980>
2026-05-25 18:27:42,316 | 18361 | 132240901650112 | [open_context_base.py:434] _connect_sync: Connect fail: conn=0(3); msg=Timeout; context=<futu.quote.open_quote_context.OpenQuoteContext object at 0x7845bdfa0980>
2026-05-25 18:28:02 | LiveTradingLoop | ERROR | {"event":"futu_connect_timeout","timeout_s":90.0,"msg":"Futu SDK connect hung; proceeding in degraded mode"}
2026-05-25 18:28:03 | LiveTradingLoop | WARNING | Futu connect timed out (90s) — starting in degraded (collect-only) mode
2026-05-25 18:28:03 | FutuConnector | INFO | Market prefix set to US
2026-05-25 18:28:03 | LiveTradingLoop | INFO | Switching model for market IDLE: v3_us_stocks
2026-05-25 18:28:03 | ModelManager | INFO | Resolved model 'v3_us_stocks' -> global_state_v4_1_best.pth
2026-05-25 18:28:03 | ModelManager | WARNING | Checkpoint metadata warning [global_state_v4_1_best.pth]: Missing metadata sidecar (global_state_v4_1_best.meta.json). Checkpoint provenance is unknown. Run save_metadata() after training.
2026-05-25 18:28:03 | ModelManager | INFO | Loaded model checkpoint from v3_pipeline/models/trained_models/global_state_v4_1_best.pth
2026-05-25 18:28:03 | LiveTradingLoop | INFO | [MARKET_INIT:IDLE] idle_symbols=69 auto_trade=False
2026-05-25 18:28:03 | LiveTradingLoop | INFO | [MARKET_IDLE] Running market analysis...
2026-05-25 18:28:06 | LiveTradingLoop | INFO | [MARKET_IDLE] Risk updated: risk_on (x1.1)
2026-05-25 18:28:06 | LiveTradingLoop | INFO | [MARKET_IDLE] Outside HK/US trading hours; collect_only=69 auto_trade=False
2026-05-25 18:28:06 | LiveTradingLoop | INFO | [MARKET_IDLE] IdleTaskScheduler launched (budget=6.0h)
2026-05-25 18:28:06 | LiveTradingLoop | INFO | [IDLE_COLLECT] Syncing 69 symbols...
2026-05-25 18:28:06 | kiro.idle_scheduler | INFO | {"ts": "2026-05-25T10:28:06+00:00", "event": "idle_task", "task_type": "start", "symbols": ["0700.HK", "9988.HK", "3690.HK", "1024.HK", "2318.HK", "1299.HK", "0939.HK", "0005.HK", "0388.HK", "0960.HK"], "total": 69, "cfg": {"max_concurrent_symbols": 5, "max_klines_per_batch": 100, "cooldown_between_batches_sec": 2.0, "max_idle_hours_per_day": 6.0, "stop_before_open_min": 30, "enabled": true}}
2026-05-25 18:28:06 | kiro.idle_scheduler | INFO | {"ts": "2026-05-25T10:28:06+00:00", "event": "fd_health", "open_fds": 108, "soft_limit": 1048576, "usage_ratio": 0.0001, "top_fd_targets": ["/home/tsukii0607/.cache/py-yfinance/tkr-tz.db=24", "/home/tsukii0607/.cache/py-yfinance/tkr-tz.db-wal=24", "anon_inode:[eventfd]=15", "/home/tsukii0607/.openclaw/workspace-quant/kiro-quant-v3/v3_pipeline/logs/v3_launcher.out=2", "pipe:[67147]=2"], "mode": "session_start"}
2026-05-25 18:28:06 | kiro.idle_scheduler | INFO | [IdleTaskScheduler] Starting — 69 symbols, budget=6.0h, stop_before_open=30min
2026-05-25 18:28:07 | kiro.idle_scheduler | INFO | {"ts": "2026-05-25T10:28:07+00:00", "event": "idle_task", "task_type": "backfill", "symbols_processed": 5, "duration_ms": 522, "quota_remaining_h": 6.0}
2026-05-25 18:28:08,406 | 18361 | 132240901650112 | [open_context_base.py:434] _connect_sync: Connect fail: conn=0(4); msg=Timeout; context=<futu.quote.open_quote_context.OpenQuoteContext object at 0x7845bdfa0980>
2026-05-25 18:28:09 | kiro.idle_scheduler | INFO | {"ts": "2026-05-25T10:28:09+00:00", "event": "idle_task", "task_type": "backfill", "symbols_processed": 5, "duration_ms": 604, "quota_remaining_h": 6.0}
证券代码 "0700.HK" 可能有误
2026-05-25 18:28:12 | kiro.idle_scheduler | INFO | {"ts": "2026-05-25T10:28:12+00:00", "event": "idle_task", "task_type": "backfill", "symbols_processed": 5, "duration_ms": 672, "quota_remaining_h": 6.0}
证券代码 "9988.HK" 可能有误
2026-05-25 18:28:15 | kiro.idle_scheduler | INFO | {"ts": "2026-05-25T10:28:15+00:00", "event": "idle_task", "task_type": "backfill", "symbols_processed": 5, "duration_ms": 527, "quota_remaining_h": 6.0}
证券代码 "3690.HK" 可能有误
2026-05-25 18:28:17 | kiro.idle_scheduler | INFO | {"ts": "2026-05-25T10:28:17+00:00", "event": "idle_task", "task_type": "backfill", "symbols_processed": 5, "duration_ms": 448, "quota_remaining_h": 6.0}
证券代码 "1024.HK" 可能有误
证券代码 "2318.HK" 可能有误
2026-05-25 18:28:19 | kiro.idle_scheduler | INFO | {"ts": "2026-05-25T10:28:19+00:00", "event": "idle_task", "task_type": "backfill", "symbols_processed": 5, "duration_ms": 455, "quota_remaining_h": 6.0}
2026-05-25 18:28:22 | kiro.idle_scheduler | INFO | {"ts": "2026-05-25T10:28:22+00:00", "event": "idle_task", "task_type": "backfill", "symbols_processed": 5, "duration_ms": 577, "quota_remaining_h": 6.0}
证券代码 "1299.HK" 可能有误
证券代码 "0939.HK" 可能有误
2026-05-25 18:28:25 | kiro.idle_scheduler | INFO | {"ts": "2026-05-25T10:28:25+00:00", "event": "idle_task", "task_type": "backfill", "symbols_processed": 5, "duration_ms": 571, "quota_remaining_h": 6.0}
证券代码 "0005.HK" 可能有误
证券代码 "0388.HK" 可能有误
证券代码 "0960.HK" 可能有误
2026-05-25 18:28:27 | kiro.idle_scheduler | INFO | {"ts": "2026-05-25T10:28:27+00:00", "event": "idle_task", "task_type": "backfill", "symbols_processed": 5, "duration_ms": 419, "quota_remaining_h": 5.99}
2026-05-25 18:28:29 | kiro.idle_scheduler | INFO | {"ts": "2026-05-25T10:28:29+00:00", "event": "idle_task", "task_type": "backfill", "symbols_processed": 5, "duration_ms": 413, "quota_remaining_h": 5.99}
证券代码 "1109.HK" 可能有误
证券代码 "0941.HK" 可能有误
2026-05-25 18:28:32 | kiro.idle_scheduler | INFO | {"ts": "2026-05-25T10:28:32+00:00", "event": "idle_task", "task_type": "backfill", "symbols_processed": 5, "duration_ms": 470, "quota_remaining_h": 5.99}
证券代码 "0175.HK" 可能有误
证券代码 "1810.HK" 可能有误
2026-05-25 18:28:34,440 | 18361 | 132240901650112 | [open_context_base.py:434] _connect_sync: Connect fail: conn=0(5); msg=Timeout; context=<futu.quote.open_quote_context.OpenQuoteContext object at 0x7845bdfa0980>
2026-05-25 18:28:35 | kiro.idle_scheduler | INFO | {"ts": "2026-05-25T10:28:35+00:00", "event": "idle_task", "task_type": "backfill", "symbols_processed": 5, "duration_ms": 733, "quota_remaining_h": 5.99}
证券代码 "2688.HK" 可能有误
2026-05-25 18:28:37 | kiro.idle_scheduler | INFO | {"ts": "2026-05-25T10:28:37+00:00", "event": "idle_task", "task_type": "backfill", "symbols_processed": 5, "duration_ms": 799, "quota_remaining_h": 5.99}
证券代码 "2269.HK" 可能有误
证券代码 "1211.HK" 可能有误
2026-05-25 18:28:43 | kiro.idle_scheduler | INFO | {"ts": "2026-05-25T10:28:43+00:00", "event": "idle_task", "task_type": "backfill", "symbols_processed": 4, "duration_ms": 564, "quota_remaining_h": 5.99}
证券代码 "2018.HK" 可能有误
2026-05-25 18:28:45 | kiro.idle_scheduler | INFO | [backfill] done: 69 symbols in 38.7s
2026-05-25 18:28:45 | kiro.idle_scheduler | INFO | {"ts": "2026-05-25T10:28:45+00:00", "event": "fd_health", "open_fds": 99, "soft_limit": 1048576, "usage_ratio": 0.0001, "top_fd_targets": ["/home/tsukii0607/.cache/py-yfinance/tkr-tz.db=25", "/home/tsukii0607/.cache/py-yfinance/tkr-tz.db-wal=24", "anon_inode:[eventfd]=9", "/home/tsukii0607/.openclaw/workspace-quant/kiro-quant-v3/v3_pipeline/logs/v3_launcher.out=2", "pipe:[67147]=2"], "mode": "post_backfill"}
2026-05-25 18:28:45 | kiro.idle_scheduler | INFO | {"ts": "2026-05-25T10:28:45+00:00", "event": "idle_task", "task_type": "mds_filter", "input_symbols": 69, "scored": 69, "filtered": 13, "no_data": 0, "output_symbols": 13}
2026-05-25 18:28:45 | kiro.idle_scheduler | INFO | [mds_filter] 69 → 13 symbols (scored=13, no_data=0)
2026-05-25 18:28:45 | kiro.idle_scheduler | INFO | [mds_filter] done in 0.0s → 13 symbols
2026-05-25 18:28:45 | TechnicalIndicatorGenerator | INFO | Generated 24 indicators
2026-05-25 18:28:45 | TechnicalIndicatorGenerator | INFO | Generated 24 indicators
2026-05-25 18:28:45 | TechnicalIndicatorGenerator | INFO | Generated 24 indicators
2026-05-25 18:28:45 | TechnicalIndicatorGenerator | INFO | Generated 24 indicators
2026-05-25 18:28:45 | TechnicalIndicatorGenerator | INFO | Generated 24 indicators
2026-05-25 18:28:45 | kiro.idle_scheduler | INFO | {"ts": "2026-05-25T10:28:45+00:00", "event": "idle_task", "task_type": "indicator_warmup", "symbols_processed": 5, "duration_ms": 52, "quota_remaining_h": 5.99}
证券代码 "0688.HK" 可能有误
2026-05-25 18:28:47 | TechnicalIndicatorGenerator | INFO | Generated 24 indicators
2026-05-25 18:28:47 | TechnicalIndicatorGenerator | INFO | Generated 24 indicators
2026-05-25 18:28:47 | TechnicalIndicatorGenerator | INFO | Generated 24 indicators
2026-05-25 18:28:47 | TechnicalIndicatorGenerator | INFO | Generated 24 indicators
2026-05-25 18:28:47 | TechnicalIndicatorGenerator | INFO | Generated 24 indicators
2026-05-25 18:28:47 | kiro.idle_scheduler | INFO | {"ts": "2026-05-25T10:28:47+00:00", "event": "idle_task", "task_type": "indicator_warmup", "symbols_processed": 5, "duration_ms": 48, "quota_remaining_h": 5.99}
2026-05-25 18:28:49 | TechnicalIndicatorGenerator | INFO | Generated 24 indicators
2026-05-25 18:28:49 | TechnicalIndicatorGenerator | INFO | Generated 24 indicators
2026-05-25 18:28:49 | TechnicalIndicatorGenerator | INFO | Generated 24 indicators
2026-05-25 18:28:49 | kiro.idle_scheduler | INFO | {"ts": "2026-05-25T10:28:49+00:00", "event": "idle_task", "task_type": "indicator_warmup", "symbols_processed": 3, "duration_ms": 29, "quota_remaining_h": 5.99}
2026-05-25 18:28:51 | kiro.idle_scheduler | INFO | [warmup] done: 13 symbols in 6.1s
2026-05-25 18:28:51 | kiro.idle_scheduler | INFO | {"ts": "2026-05-25T10:28:51+00:00", "event": "idle_task", "task_type": "readiness_report", "total_symbols": 13, "ready": 13, "not_ready": 0, "per_symbol": {"PG": {"status": "ok", "bars": 60, "last_bar": "59"}, "KO": {"status": "ok", "bars": 60, "last_bar": "59"}, "CRM": {"status": "ok", "bars": 60, "last_bar": "59"}, "ADBE": {"status": "ok", "bars": 60, "last_bar": "59"}, "MA": {"status": "ok", "bars": 60, "last_bar": "59"}, "V": {"status": "ok", "bars": 60, "last_bar": "59"}, "BAC": {"status": "ok", "bars": 60, "last_bar": "59"}, "JNJ": {"status": "ok", "bars": 60, "last_bar": "59"}, "HD": {"status": "ok", "bars": 60, "last_bar": "59"}, "MRK": {"status": "ok", "bars": 60, "last_bar": "59"}, "0941.HK": {"status": "ok", "bars": 60, "last_bar": "59"}, "UBER": {"status": "ok", "bars": 60, "last_bar": "59"}, "UNH": {"status": "ok", "bars": 60, "last_bar": "59"}}}
2026-05-25 18:28:51 | kiro.idle_scheduler | INFO | [readiness] 13/13 symbols ready (≥60 bars)
2026-05-25 18:28:51 | TechnicalIndicatorGenerator | WARNING | TA-Lib unavailable, using pandas fallback indicators: No module named 'talib'
2026-05-25 18:28:52 | TechnicalIndicatorGenerator | WARNING | Fallback indicator 'SMA_10' was all-NaN; filled with neutral default 0.0
2026-05-25 18:28:52 | TechnicalIndicatorGenerator | WARNING | Fallback indicator 'SMA_20' was all-NaN; filled with neutral default 0.0
2026-05-25 18:28:52 | TechnicalIndicatorGenerator | WARNING | Fallback indicator 'RSI_14' was all-NaN; filled with neutral default 50.0
2026-05-25 18:28:52 | TechnicalIndicatorGenerator | WARNING | Fallback indicator 'BB_UPPER' was all-NaN; filled with neutral default 0.0
2026-05-25 18:28:52 | TechnicalIndicatorGenerator | WARNING | Fallback indicator 'BB_MIDDLE' was all-NaN; filled with neutral default 0.0
2026-05-25 18:28:52 | TechnicalIndicatorGenerator | WARNING | Fallback indicator 'BB_LOWER' was all-NaN; filled with neutral default 0.0
2026-05-25 18:28:52 | TechnicalIndicatorGenerator | WARNING | Fallback indicator 'ATR_14' was all-NaN; filled with neutral default 0.0
2026-05-25 18:28:52 | TechnicalIndicatorGenerator | WARNING | Fallback indicator 'ADX_14' was all-NaN; filled with neutral default 0.0
2026-05-25 18:28:52 | TechnicalIndicatorGenerator | WARNING | Fallback indicator 'CCI_14' was all-NaN; filled with neutral default 0.0
2026-05-25 18:28:52 | TechnicalIndicatorGenerator | WARNING | Fallback indicator 'MFI_14' was all-NaN; filled with neutral default 50.0
2026-05-25 18:28:52 | TechnicalIndicatorGenerator | WARNING | Fallback indicator 'ROC_10' was all-NaN; filled with neutral default 0.0
2026-05-25 18:28:52 | TechnicalIndicatorGenerator | WARNING | Fallback indicator 'WILLR_14' was all-NaN; filled with neutral default -50.0
2026-05-25 18:28:52 | TechnicalIndicatorGenerator | WARNING | Fallback indicator 'K_14' was all-NaN; filled with neutral default 50.0
2026-05-25 18:28:52 | TechnicalIndicatorGenerator | WARNING | Fallback indicator 'D_3' was all-NaN; filled with neutral default 50.0
2026-05-25 18:28:52 | TechnicalIndicatorGenerator | INFO | Generated 22 indicators
2026-05-25 18:28:52 | TechnicalIndicatorGenerator | WARNING | Fallback indicator 'SMA_10' was all-NaN; filled with neutral default 0.0
2026-05-25 18:28:52 | TechnicalIndicatorGenerator | WARNING | Fallback indicator 'SMA_20' was all-NaN; filled with neutral default 0.0
2026-05-25 18:28:52 | TechnicalIndicatorGenerator | WARNING | Fallback indicator 'RSI_14' was all-NaN; filled with neutral default 50.0
2026-05-25 18:28:52 | TechnicalIndicatorGenerator | WARNING | Fallback indicator 'BB_UPPER' was all-NaN; filled with neutral default 0.0
2026-05-25 18:28:52 | TechnicalIndicatorGenerator | WARNING | Fallback indicator 'BB_MIDDLE' was all-NaN; filled with neutral default 0.0
2026-05-25 18:28:52 | TechnicalIndicatorGenerator | WARNING | Fallback indicator 'BB_LOWER' was all-NaN; filled with neutral default 0.0
2026-05-25 18:28:52 | TechnicalIndicatorGenerator | WARNING | Fallback indicator 'ATR_14' was all-NaN; filled with neutral default 0.0
2026-05-25 18:28:52 | TechnicalIndicatorGenerator | WARNING | Fallback indicator 'ADX_14' was all-NaN; filled with neutral default 0.0
2026-05-25 18:28:52 | TechnicalIndicatorGenerator | WARNING | Fallback indicator 'CCI_14' was all-NaN; filled with neutral default 0.0
2026-05-25 18:28:52 | TechnicalIndicatorGenerator | WARNING | Fallback indicator 'MFI_14' was all-NaN; filled with neutral default 50.0
2026-05-25 18:28:52 | TechnicalIndicatorGenerator | WARNING | Fallback indicator 'ROC_10' was all-NaN; filled with neutral default 0.0
2026-05-25 18:28:52 | TechnicalIndicatorGenerator | WARNING | Fallback indicator 'WILLR_14' was all-NaN; filled with neutral default -50.0
2026-05-25 18:28:52 | TechnicalIndicatorGenerator | WARNING | Fallback indicator 'K_14' was all-NaN; filled with neutral default 50.0
2026-05-25 18:28:52 | TechnicalIndicatorGenerator | WARNING | Fallback indicator 'D_3' was all-NaN; filled with neutral default 50.0
2026-05-25 18:28:52 | TechnicalIndicatorGenerator | INFO | Generated 22 indicators
2026-05-25 18:28:52 | TechnicalIndicatorGenerator | WARNING | Fallback indicator 'SMA_10' was all-NaN; filled with neutral default 0.0
2026-05-25 18:28:52 | TechnicalIndicatorGenerator | WARNING | Fallback indicator 'SMA_20' was all-NaN; filled with neutral default 0.0
2026-05-25 18:28:52 | TechnicalIndicatorGenerator | WARNING | Fallback indicator 'RSI_14' was all-NaN; filled with neutral default 50.0
2026-05-25 18:28:52 | TechnicalIndicatorGenerator | WARNING | Fallback indicator 'BB_UPPER' was all-NaN; filled with neutral default 0.0
2026-05-25 18:28:52 | TechnicalIndicatorGenerator | WARNING | Fallback indicator 'BB_MIDDLE' was all-NaN; filled with neutral default 0.0
2026-05-25 18:28:52 | TechnicalIndicatorGenerator | WARNING | Fallback indicator 'BB_LOWER' was all-NaN; filled with neutral default 0.0
2026-05-25 18:28:52 | TechnicalIndicatorGenerator | WARNING | Fallback indicator 'ATR_14' was all-NaN; filled with neutral default 0.0
2026-05-25 18:28:52 | TechnicalIndicatorGenerator | WARNING | Fallback indicator 'ADX_14' was all-NaN; filled with neutral default 0.0
2026-05-25 18:28:52 | TechnicalIndicatorGenerator | WARNING | Fallback indicator 'CCI_14' was all-NaN; filled with neutral default 0.0
2026-05-25 18:28:52 | TechnicalIndicatorGenerator | WARNING | Fallback indicator 'MFI_14' was all-NaN; filled with neutral default 50.0
2026-05-25 18:28:52 | TechnicalIndicatorGenerator | WARNING | Fallback indicator 'ROC_10' was all-NaN; filled with neutral default 0.0
2026-05-25 18:28:52 | TechnicalIndicatorGenerator | WARNING | Fallback indicator 'WILLR_14' was all-NaN; filled with neutral default -50.0
2026-05-25 18:28:52 | TechnicalIndicatorGenerator | WARNING | Fallback indicator 'K_14' was all-NaN; filled with neutral default 50.0
2026-05-25 18:28:52 | TechnicalIndicatorGenerator | WARNING | Fallback indicator 'D_3' was all-NaN; filled with neutral default 50.0
2026-05-25 18:28:52 | TechnicalIndicatorGenerator | INFO | Generated 22 indicators
2026-05-25 18:28:53 | TechnicalIndicatorGenerator | WARNING | Fallback indicator 'SMA_10' was all-NaN; filled with neutral default 0.0
2026-05-25 18:28:53 | TechnicalIndicatorGenerator | WARNING | Fallback indicator 'SMA_20' was all-NaN; filled with neutral default 0.0
2026-05-25 18:28:53 | TechnicalIndicatorGenerator | WARNING | Fallback indicator 'RSI_14' was all-NaN; filled with neutral default 50.0
2026-05-25 18:28:53 | TechnicalIndicatorGenerator | WARNING | Fallback indicator 'BB_UPPER' was all-NaN; filled with neutral default 0.0
2026-05-25 18:28:53 | TechnicalIndicatorGenerator | WARNING | Fallback indicator 'BB_MIDDLE' was all-NaN; filled with neutral default 0.0
2026-05-25 18:28:53 | TechnicalIndicatorGenerator | WARNING | Fallback indicator 'BB_LOWER' was all-NaN; filled with neutral default 0.0
2026-05-25 18:28:53 | TechnicalIndicatorGenerator | WARNING | Fallback indicator 'ATR_14' was all-NaN; filled with neutral default 0.0
2026-05-25 18:28:53 | TechnicalIndicatorGenerator | WARNING | Fallback indicator 'ADX_14' was all-NaN; filled with neutral default 0.0
2026-05-25 18:28:53 | TechnicalIndicatorGenerator | WARNING | Fallback indicator 'CCI_14' was all-NaN; filled with neutral default 0.0
2026-05-25 18:28:53 | TechnicalIndicatorGenerator | WARNING | Fallback indicator 'MFI_14' was all-NaN; filled with neutral default 50.0
2026-05-25 18:28:53 | TechnicalIndicatorGenerator | WARNING | Fallback indicator 'ROC_10' was all-NaN; filled with neutral default 0.0
2026-05-25 18:28:53 | TechnicalIndicatorGenerator | WARNING | Fallback indicator 'WILLR_14' was all-NaN; filled with neutral default -50.0
2026-05-25 18:28:53 | TechnicalIndicatorGenerator | WARNING | Fallback indicator 'K_14' was all-NaN; filled with neutral default 50.0
2026-05-25 18:28:53 | TechnicalIndicatorGenerator | WARNING | Fallback indicator 'D_3' was all-NaN; filled with neutral default 50.0
2026-05-25 18:28:53 | TechnicalIndicatorGenerator | INFO | Generated 22 indicators
2026-05-25 18:28:53 | TechnicalIndicatorGenerator | WARNING | Fallback indicator 'SMA_10' was all-NaN; filled with neutral default 0.0
2026-05-25 18:28:53 | TechnicalIndicatorGenerator | WARNING | Fallback indicator 'SMA_20' was all-NaN; filled with neutral default 0.0
2026-05-25 18:28:53 | TechnicalIndicatorGenerator | WARNING | Fallback indicator 'RSI_14' was all-NaN; filled with neutral default 50.0
2026-05-25 18:28:53 | TechnicalIndicatorGenerator | WARNING | Fallback indicator 'BB_UPPER' was all-NaN; filled with neutral default 0.0
2026-05-25 18:28:53 | TechnicalIndicatorGenerator | WARNING | Fallback indicator 'BB_MIDDLE' was all-NaN; filled with neutral default 0.0
2026-05-25 18:28:53 | TechnicalIndicatorGenerator | WARNING | Fallback indicator 'BB_LOWER' was all-NaN; filled with neutral default 0.0
2026-05-25 18:28:53 | TechnicalIndicatorGenerator | WARNING | Fallback indicator 'ATR_14' was all-NaN; filled with neutral default 0.0
2026-05-25 18:28:53 | TechnicalIndicatorGenerator | WARNING | Fallback indicator 'ADX_14' was all-NaN; filled with neutral default 0.0
2026-05-25 18:28:53 | TechnicalIndicatorGenerator | WARNING | Fallback indicator 'CCI_14' was all-NaN; filled with neutral default 0.0
2026-05-25 18:28:53 | TechnicalIndicatorGenerator | WARNING | Fallback indicator 'MFI_14' was all-NaN; filled with neutral default 50.0
2026-05-25 18:28:53 | TechnicalIndicatorGenerator | WARNING | Fallback indicator 'ROC_10' was all-NaN; filled with neutral default 0.0
2026-05-25 18:28:53 | TechnicalIndicatorGenerator | WARNING | Fallback indicator 'WILLR_14' was all-NaN; filled with neutral default -50.0
2026-05-25 18:28:53 | TechnicalIndicatorGenerator | WARNING | Fallback indicator 'K_14' was all-NaN; filled with neutral default 50.0
2026-05-25 18:28:53 | TechnicalIndicatorGenerator | WARNING | Fallback indicator 'D_3' was all-NaN; filled with neutral default 50.0
2026-05-25 18:28:53 | TechnicalIndicatorGenerator | INFO | Generated 22 indicators
2026-05-25 18:28:53 | TechnicalIndicatorGenerator | WARNING | Fallback indicator 'SMA_10' was all-NaN; filled with neutral default 0.0
2026-05-25 18:28:53 | TechnicalIndicatorGenerator | WARNING | Fallback indicator 'SMA_20' was all-NaN; filled with neutral default 0.0
2026-05-25 18:28:53 | TechnicalIndicatorGenerator | WARNING | Fallback indicator 'RSI_14' was all-NaN; filled with neutral default 50.0
2026-05-25 18:28:53 | TechnicalIndicatorGenerator | WARNING | Fallback indicator 'BB_UPPER' was all-NaN; filled with neutral default 0.0
2026-05-25 18:28:53 | TechnicalIndicatorGenerator | WARNING | Fallback indicator 'BB_MIDDLE' was all-NaN; filled with neutral default 0.0
2026-05-25 18:28:53 | TechnicalIndicatorGenerator | WARNING | Fallback indicator 'BB_LOWER' was all-NaN; filled with neutral default 0.0
2026-05-25 18:28:53 | TechnicalIndicatorGenerator | WARNING | Fallback indicator 'ATR_14' was all-NaN; filled with neutral default 0.0
2026-05-25 18:28:53 | TechnicalIndicatorGenerator | WARNING | Fallback indicator 'ADX_14' was all-NaN; filled with neutral default 0.0
2026-05-25 18:28:53 | TechnicalIndicatorGenerator | WARNING | Fallback indicator 'CCI_14' was all-NaN; filled with neutral default 0.0
2026-05-25 18:28:53 | TechnicalIndicatorGenerator | WARNING | Fallback indicator 'MFI_14' was all-NaN; filled with neutral default 50.0
2026-05-25 18:28:53 | TechnicalIndicatorGenerator | WARNING | Fallback indicator 'ROC_10' was all-NaN; filled with neutral default 0.0
2026-05-25 18:28:53 | TechnicalIndicatorGenerator | WARNING | Fallback indicator 'WILLR_14' was all-NaN; filled with neutral default -50.0
2026-05-25 18:28:53 | TechnicalIndicatorGenerator | WARNING | Fallback indicator 'K_14' was all-NaN; filled with neutral default 50.0
2026-05-25 18:28:53 | TechnicalIndicatorGenerator | WARNING | Fallback indicator 'D_3' was all-NaN; filled with neutral default 50.0
2026-05-25 18:28:53 | TechnicalIndicatorGenerator | INFO | Generated 22 indicators
2026-05-25 18:28:53 | TechnicalIndicatorGenerator | WARNING | Fallback indicator 'SMA_10' was all-NaN; filled with neutral default 0.0
2026-05-25 18:28:53 | TechnicalIndicatorGenerator | WARNING | Fallback indicator 'SMA_20' was all-NaN; filled with neutral default 0.0
2026-05-25 18:28:53 | TechnicalIndicatorGenerator | WARNING | Fallback indicator 'RSI_14' was all-NaN; filled with neutral default 50.0
2026-05-25 18:28:53 | TechnicalIndicatorGenerator | WARNING | Fallback indicator 'BB_UPPER' was all-NaN; filled with neutral default 0.0
2026-05-25 18:28:53 | TechnicalIndicatorGenerator | WARNING | Fallback indicator 'BB_MIDDLE' was all-NaN; filled with neutral default 0.0
2026-05-25 18:28:53 | TechnicalIndicatorGenerator | WARNING | Fallback indicator 'BB_LOWER' was all-NaN; filled with neutral default 0.0
2026-05-25 18:28:53 | TechnicalIndicatorGenerator | WARNING | Fallback indicator 'ATR_14' was all-NaN; filled with neutral default 0.0
2026-05-25 18:28:53 | TechnicalIndicatorGenerator | WARNING | Fallback indicator 'ADX_14' was all-NaN; filled with neutral default 0.0
2026-05-25 18:28:53 | TechnicalIndicatorGenerator | WARNING | Fallback indicator 'CCI_14' was all-NaN; filled with neutral default 0.0
2026-05-25 18:28:53 | TechnicalIndicatorGenerator | WARNING | Fallback indicator 'MFI_14' was all-NaN; filled with neutral default 50.0
2026-05-25 18:28:53 | TechnicalIndicatorGenerator | WARNING | Fallback indicator 'ROC_10' was all-NaN; filled with neutral default 0.0
2026-05-25 18:28:53 | TechnicalIndicatorGenerator | WARNING | Fallback indicator 'WILLR_14' was all-NaN; filled with neutral default -50.0
2026-05-25 18:28:53 | TechnicalIndicatorGenerator | WARNING | Fallback indicator 'K_14' was all-NaN; filled with neutral default 50.0
2026-05-25 18:28:53 | TechnicalIndicatorGenerator | WARNING | Fallback indicator 'D_3' was all-NaN; filled with neutral default 50.0
2026-05-25 18:28:53 | TechnicalIndicatorGenerator | INFO | Generated 22 indicators
2026-05-25 18:28:53 | TechnicalIndicatorGenerator | WARNING | Fallback indicator 'SMA_10' was all-NaN; filled with neutral default 0.0
2026-05-25 18:28:53 | TechnicalIndicatorGenerator | WARNING | Fallback indicator 'SMA_20' was all-NaN; filled with neutral default 0.0
2026-05-25 18:28:53 | TechnicalIndicatorGenerator | WARNING | Fallback indicator 'RSI_14' was all-NaN; filled with neutral default 50.0
2026-05-25 18:28:53 | TechnicalIndicatorGenerator | WARNING | Fallback indicator 'BB_UPPER' was all-NaN; filled with neutral default 0.0
2026-05-25 18:28:53 | TechnicalIndicatorGenerator | WARNING | Fallback indicator 'BB_MIDDLE' was all-NaN; filled with neutral default 0.0
2026-05-25 18:28:53 | TechnicalIndicatorGenerator | WARNING | Fallback indicator 'BB_LOWER' was all-NaN; filled with neutral default 0.0
2026-05-25 18:28:53 | TechnicalIndicatorGenerator | WARNING | Fallback indicator 'ATR_14' was all-NaN; filled with neutral default 0.0
2026-05-25 18:28:53 | TechnicalIndicatorGenerator | WARNING | Fallback indicator 'ADX_14' was all-NaN; filled with neutral default 0.0
2026-05-25 18:28:53 | TechnicalIndicatorGenerator | WARNING | Fallback indicator 'CCI_14' was all-NaN; filled with neutral default 0.0
2026-05-25 18:28:53 | TechnicalIndicatorGenerator | WARNING | Fallback indicator 'MFI_14' was all-NaN; filled with neutral default 50.0
2026-05-25 18:28:53 | TechnicalIndicatorGenerator | WARNING | Fallback indicator 'ROC_10' was all-NaN; filled with neutral default 0.0
2026-05-25 18:28:53 | TechnicalIndicatorGenerator | WARNING | Fallback indicator 'WILLR_14' was all-NaN; filled with neutral default -50.0
2026-05-25 18:28:53 | TechnicalIndicatorGenerator | WARNING | Fallback indicator 'K_14' was all-NaN; filled with neutral default 50.0
2026-05-25 18:28:53 | TechnicalIndicatorGenerator | WARNING | Fallback indicator 'D_3' was all-NaN; filled with neutral default 50.0
2026-05-25 18:28:53 | TechnicalIndicatorGenerator | INFO | Generated 22 indicators
2026-05-25 18:28:53 | TechnicalIndicatorGenerator | WARNING | Fallback indicator 'SMA_10' was all-NaN; filled with neutral default 0.0
2026-05-25 18:28:53 | TechnicalIndicatorGenerator | WARNING | Fallback indicator 'SMA_20' was all-NaN; filled with neutral default 0.0
2026-05-25 18:28:53 | TechnicalIndicatorGenerator | WARNING | Fallback indicator 'RSI_14' was all-NaN; filled with neutral default 50.0
2026-05-25 18:28:53 | TechnicalIndicatorGenerator | WARNING | Fallback indicator 'BB_UPPER' was all-NaN; filled with neutral default 0.0
2026-05-25 18:28:53 | TechnicalIndicatorGenerator | WARNING | Fallback indicator 'BB_MIDDLE' was all-NaN; filled with neutral default 0.0
2026-05-25 18:28:53 | TechnicalIndicatorGenerator | WARNING | Fallback indicator 'BB_LOWER' was all-NaN; filled with neutral default 0.0
2026-05-25 18:28:53 | TechnicalIndicatorGenerator | WARNING | Fallback indicator 'ATR_14' was all-NaN; filled with neutral default 0.0
2026-05-25 18:28:53 | TechnicalIndicatorGenerator | WARNING | Fallback indicator 'ADX_14' was all-NaN; filled with neutral default 0.0
2026-05-25 18:28:53 | TechnicalIndicatorGenerator | WARNING | Fallback indicator 'CCI_14' was all-NaN; filled with neutral default 0.0
2026-05-25 18:28:53 | TechnicalIndicatorGenerator | WARNING | Fallback indicator 'MFI_14' was all-NaN; filled with neutral default 50.0
2026-05-25 18:28:53 | TechnicalIndicatorGenerator | WARNING | Fallback indicator 'ROC_10' was all-NaN; filled with neutral default 0.0
2026-05-25 18:28:53 | TechnicalIndicatorGenerator | WARNING | Fallback indicator 'WILLR_14' was all-NaN; filled with neutral default -50.0
2026-05-25 18:28:53 | TechnicalIndicatorGenerator | WARNING | Fallback indicator 'K_14' was all-NaN; filled with neutral default 50.0
2026-05-25 18:28:53 | TechnicalIndicatorGenerator | WARNING | Fallback indicator 'D_3' was all-NaN; filled with neutral default 50.0
2026-05-25 18:28:53 | TechnicalIndicatorGenerator | INFO | Generated 22 indicators
2026-05-25 18:28:53 | TechnicalIndicatorGenerator | WARNING | Fallback indicator 'SMA_10' was all-NaN; filled with neutral default 0.0
2026-05-25 18:28:53 | TechnicalIndicatorGenerator | WARNING | Fallback indicator 'SMA_20' was all-NaN; filled with neutral default 0.0
2026-05-25 18:28:53 | TechnicalIndicatorGenerator | WARNING | Fallback indicator 'RSI_14' was all-NaN; filled with neutral default 50.0
2026-05-25 18:28:53 | TechnicalIndicatorGenerator | WARNING | Fallback indicator 'BB_UPPER' was all-NaN; filled with neutral default 0.0
2026-05-25 18:28:53 | TechnicalIndicatorGenerator | WARNING | Fallback indicator 'BB_MIDDLE' was all-NaN; filled with neutral default 0.0
2026-05-25 18:28:53 | TechnicalIndicatorGenerator | WARNING | Fallback indicator 'BB_LOWER' was all-NaN; filled with neutral default 0.0
2026-05-25 18:28:53 | TechnicalIndicatorGenerator | WARNING | Fallback indicator 'ATR_14' was all-NaN; filled with neutral default 0.0
2026-05-25 18:28:53 | TechnicalIndicatorGenerator | WARNING | Fallback indicator 'ADX_14' was all-NaN; filled with neutral default 0.0
2026-05-25 18:28:53 | TechnicalIndicatorGenerator | WARNING | Fallback indicator 'CCI_14' was all-NaN; filled with neutral default 0.0
2026-05-25 18:28:53 | TechnicalIndicatorGenerator | WARNING | Fallback indicator 'MFI_14' was all-NaN; filled with neutral default 50.0
2026-05-25 18:28:53 | TechnicalIndicatorGenerator | WARNING | Fallback indicator 'ROC_10' was all-NaN; filled with neutral default 0.0
2026-05-25 18:28:53 | TechnicalIndicatorGenerator | WARNING | Fallback indicator 'WILLR_14' was all-NaN; filled with neutral default -50.0
2026-05-25 18:28:53 | TechnicalIndicatorGenerator | WARNING | Fallback indicator 'K_14' was all-NaN; filled with neutral default 50.0
2026-05-25 18:28:53 | TechnicalIndicatorGenerator | WARNING | Fallback indicator 'D_3' was all-NaN; filled with neutral default 50.0
2026-05-25 18:28:53 | TechnicalIndicatorGenerator | INFO | Generated 22 indicators
2026-05-25 18:28:55 | TechnicalIndicatorGenerator | WARNING | Fallback indicator 'SMA_10' was all-NaN; filled with neutral default 0.0
2026-05-25 18:28:55 | TechnicalIndicatorGenerator | WARNING | Fallback indicator 'SMA_20' was all-NaN; filled with neutral default 0.0
2026-05-25 18:28:55 | TechnicalIndicatorGenerator | WARNING | Fallback indicator 'RSI_14' was all-NaN; filled with neutral default 50.0
2026-05-25 18:28:55 | TechnicalIndicatorGenerator | WARNING | Fallback indicator 'BB_UPPER' was all-NaN; filled with neutral default 0.0
2026-05-25 18:28:55 | TechnicalIndicatorGenerator | WARNING | Fallback indicator 'BB_MIDDLE' was all-NaN; filled with neutral default 0.0
2026-05-25 18:28:55 | TechnicalIndicatorGenerator | WARNING | Fallback indicator 'BB_LOWER' was all-NaN; filled with neutral default 0.0
2026-05-25 18:28:55 | TechnicalIndicatorGenerator | WARNING | Fallback indicator 'ATR_14' was all-NaN; filled with neutral default 0.0
2026-05-25 18:28:55 | TechnicalIndicatorGenerator | WARNING | Fallback indicator 'ADX_14' was all-NaN; filled with neutral default 0.0
2026-05-25 18:28:55 | TechnicalIndicatorGenerator | WARNING | Fallback indicator 'CCI_14' was all-NaN; filled with neutral default 0.0
2026-05-25 18:28:55 | TechnicalIndicatorGenerator | WARNING | Fallback indicator 'MFI_14' was all-NaN; filled with neutral default 50.0
2026-05-25 18:28:55 | TechnicalIndicatorGenerator | WARNING | Fallback indicator 'ROC_10' was all-NaN; filled with neutral default 0.0
2026-05-25 18:28:55 | TechnicalIndicatorGenerator | WARNING | Fallback indicator 'WILLR_14' was all-NaN; filled with neutral default -50.0
2026-05-25 18:28:55 | TechnicalIndicatorGenerator | WARNING | Fallback indicator 'K_14' was all-NaN; filled with neutral default 50.0
2026-05-25 18:28:55 | TechnicalIndicatorGenerator | WARNING | Fallback indicator 'D_3' was all-NaN; filled with neutral default 50.0
2026-05-25 18:28:55 | TechnicalIndicatorGenerator | INFO | Generated 22 indicators
2026-05-25 18:28:55 | TechnicalIndicatorGenerator | WARNING | Fallback indicator 'SMA_10' was all-NaN; filled with neutral default 0.0
2026-05-25 18:28:55 | TechnicalIndicatorGenerator | WARNING | Fallback indicator 'SMA_20' was all-NaN; filled with neutral default 0.0
2026-05-25 18:28:55 | TechnicalIndicatorGenerator | WARNING | Fallback indicator 'RSI_14' was all-NaN; filled with neutral default 50.0
2026-05-25 18:28:55 | TechnicalIndicatorGenerator | WARNING | Fallback indicator 'BB_UPPER' was all-NaN; filled with neutral default 0.0
2026-05-25 18:28:55 | TechnicalIndicatorGenerator | WARNING | Fallback indicator 'BB_MIDDLE' was all-NaN; filled with neutral default 0.0
2026-05-25 18:28:55 | TechnicalIndicatorGenerator | WARNING | Fallback indicator 'BB_LOWER' was all-NaN; filled with neutral default 0.0
2026-05-25 18:28:55 | TechnicalIndicatorGenerator | WARNING | Fallback indicator 'ATR_14' was all-NaN; filled with neutral default 0.0
2026-05-25 18:28:55 | TechnicalIndicatorGenerator | WARNING | Fallback indicator 'ADX_14' was all-NaN; filled with neutral default 0.0
2026-05-25 18:28:55 | TechnicalIndicatorGenerator | WARNING | Fallback indicator 'CCI_14' was all-NaN; filled with neutral default 0.0
2026-05-25 18:28:55 | TechnicalIndicatorGenerator | WARNING | Fallback indicator 'MFI_14' was all-NaN; filled with neutral default 50.0
2026-05-25 18:28:55 | TechnicalIndicatorGenerator | WARNING | Fallback indicator 'ROC_10' was all-NaN; filled with neutral default 0.0
2026-05-25 18:28:55 | TechnicalIndicatorGenerator | WARNING | Fallback indicator 'WILLR_14' was all-NaN; filled with neutral default -50.0
2026-05-25 18:28:55 | TechnicalIndicatorGenerator | WARNING | Fallback indicator 'K_14' was all-NaN; filled with neutral default 50.0
2026-05-25 18:28:55 | TechnicalIndicatorGenerator | WARNING | Fallback indicator 'D_3' was all-NaN; filled with neutral default 50.0
2026-05-25 18:28:55 | TechnicalIndicatorGenerator | INFO | Generated 22 indicators
2026-05-25 18:28:55 | TechnicalIndicatorGenerator | WARNING | Fallback indicator 'SMA_10' was all-NaN; filled with neutral default 0.0
2026-05-25 18:28:55 | TechnicalIndicatorGenerator | WARNING | Fallback indicator 'SMA_20' was all-NaN; filled with neutral default 0.0
2026-05-25 18:28:55 | TechnicalIndicatorGenerator | WARNING | Fallback indicator 'RSI_14' was all-NaN; filled with neutral default 50.0
2026-05-25 18:28:55 | TechnicalIndicatorGenerator | WARNING | Fallback indicator 'BB_UPPER' was all-NaN; filled with neutral default 0.0
2026-05-25 18:28:55 | TechnicalIndicatorGenerator | WARNING | Fallback indicator 'BB_MIDDLE' was all-NaN; filled with neutral default 0.0
2026-05-25 18:28:55 | TechnicalIndicatorGenerator | WARNING | Fallback indicator 'BB_LOWER' was all-NaN; filled with neutral default 0.0
2026-05-25 18:28:55 | TechnicalIndicatorGenerator | WARNING | Fallback indicator 'ATR_14' was all-NaN; filled with neutral default 0.0
2026-05-25 18:28:55 | TechnicalIndicatorGenerator | WARNING | Fallback indicator 'ADX_14' was all-NaN; filled with neutral default 0.0
2026-05-25 18:28:55 | TechnicalIndicatorGenerator | WARNING | Fallback indicator 'CCI_14' was all-NaN; filled with neutral default 0.0
2026-05-25 18:28:55 | TechnicalIndicatorGenerator | WARNING | Fallback indicator 'MFI_14' was all-NaN; filled with neutral default 50.0
2026-05-25 18:28:55 | TechnicalIndicatorGenerator | WARNING | Fallback indicator 'ROC_10' was all-NaN; filled with neutral default 0.0
2026-05-25 18:28:55 | TechnicalIndicatorGenerator | WARNING | Fallback indicator 'WILLR_14' was all-NaN; filled with neutral default -50.0
2026-05-25 18:28:55 | TechnicalIndicatorGenerator | WARNING | Fallback indicator 'K_14' was all-NaN; filled with neutral default 50.0
2026-05-25 18:28:55 | TechnicalIndicatorGenerator | WARNING | Fallback indicator 'D_3' was all-NaN; filled with neutral default 50.0
2026-05-25 18:28:55 | TechnicalIndicatorGenerator | INFO | Generated 22 indicators
2026-05-25 18:28:55 | kiro.idle_scheduler | INFO | [db_refresh] done in 3.9s — repaired=0 updated=65
2026-05-25 18:28:55 | kiro.idle_scheduler | INFO | {"ts": "2026-05-25T10:28:55+00:00", "event": "idle_task", "task_type": "db_kline_refresh", "rows_repaired": 0, "rows_updated": 65, "duration_sec": 3.9}
[db_persist] archive failed: table market_data_archive has 8 columns but 31 values were supplied
2026-05-25 18:28:55 | kiro.idle_scheduler | INFO | [db_archive] done in 0.0s — archived=0 rows
2026-05-25 18:28:55 | kiro.idle_scheduler | INFO | {"ts": "2026-05-25T10:28:55+00:00", "event": "idle_task", "task_type": "db_archive", "archived_rows": 0, "duration_sec": 0.0}
2026-05-25 18:28:55 | kiro.idle_scheduler | INFO | {"ts": "2026-05-25T10:28:55+00:00", "event": "fd_health", "open_fds": 100, "soft_limit": 1048576, "usage_ratio": 0.0001, "top_fd_targets": ["/home/tsukii0607/.cache/py-yfinance/tkr-tz.db=25", "/home/tsukii0607/.cache/py-yfinance/tkr-tz.db-wal=24", "anon_inode:[eventfd]=9", "/home/tsukii0607/.openclaw/workspace-quant/kiro-quant-v3/v3_pipeline/logs/v3_launcher.out=2", "pipe:[67147]=2"], "mode": "session_end"}
2026-05-25 18:28:55 | kiro.idle_scheduler | INFO | {"ts": "2026-05-25T10:28:55+00:00", "event": "idle_task", "task_type": "complete", "elapsed_h": 0.014}
2026-05-25 18:28:55 | kiro.idle_scheduler | INFO | [IdleTaskScheduler] done
2026-05-25 18:29:03,392 | 18361 | 132240901650112 | [open_context_base.py:434] _connect_sync: Connect fail: conn=0(6); msg=Timeout; context=<futu.quote.open_quote_context.OpenQuoteContext object at 0x7845bdfa0980>
2026-05-25 18:29:29,471 | 18361 | 132240901650112 | [open_context_base.py:434] _connect_sync: Connect fail: conn=0(7); msg=Timeout; context=<futu.quote.open_quote_context.OpenQuoteContext object at 0x7845bdfa0980>
2026-05-25 18:29:55,560 | 18361 | 132240901650112 | [open_context_base.py:434] _connect_sync: Connect fail: conn=0(8); msg=Timeout; context=<futu.quote.open_quote_context.OpenQuoteContext object at 0x7845bdfa0980>
2026-05-25 18:30:19 | FutuConnector | INFO | Market prefix set to US
2026-05-25 18:30:19 | LiveTradingLoop | INFO | [MARKET_IDLE] Running market analysis...
2026-05-25 18:30:19 | LiveTradingLoop | INFO | [MARKET_IDLE] Risk updated: risk_on (x1.1)
2026-05-25 18:30:19 | LiveTradingLoop | INFO | [MARKET_IDLE] Outside HK/US trading hours; collect_only=69 auto_trade=False
2026-05-25 18:30:19 | LiveTradingLoop | INFO | [IDLE_COLLECT] Syncing 69 symbols...
证券代码 "0700.HK" 可能有误
2026-05-25 18:30:21,588 | 18361 | 132240901650112 | [open_context_base.py:434] _connect_sync: Connect fail: conn=0(9); msg=Timeout; context=<futu.quote.open_quote_context.OpenQuoteContext object at 0x7845bdfa0980>
证券代码 "9988.HK" 可能有误
证券代码 "3690.HK" 可能有误
证券代码 "1024.HK" 可能有误
证券代码 "2318.HK" 可能有误
证券代码 "1299.HK" 可能有误
证券代码 "0939.HK" 可能有误
证券代码 "0005.HK" 可能有误
证券代码 "0388.HK" 可能有误
证券代码 "0960.HK" 可能有误
证券代码 "1109.HK" 可能有误
证券代码 "0941.HK" 可能有误
2026-05-25 18:30:50,530 | 18361 | 132240901650112 | [open_context_base.py:434] _connect_sync: Connect fail: conn=0(10); msg=Timeout; context=<futu.quote.open_quote_context.OpenQuoteContext object at 0x7845bdfa0980>
证券代码 "0175.HK" 可能有误
证券代码 "1810.HK" 可能有误
证券代码 "2688.HK" 可能有误
证券代码 "2269.HK" 可能有误
证券代码 "1211.HK" 可能有误
证券代码 "2018.HK" 可能有误
证券代码 "0688.HK" 可能有误
2026-05-25 18:31:16,543 | 18361 | 132240901650112 | [open_context_base.py:434] _connect_sync: Connect fail: conn=0(11); msg=Timeout; context=<futu.quote.open_quote_context.OpenQuoteContext object at 0x7845bdfa0980>
2026-05-25 18:31:42,581 | 18361 | 132240901650112 | [open_context_base.py:434] _connect_sync: Connect fail: conn=0(12); msg=Timeout; context=<futu.quote.open_quote_context.OpenQuoteContext object at 0x7845bdfa0980>
2026-05-25 18:32:08,608 | 18361 | 132240901650112 | [open_context_base.py:434] _connect_sync: Connect fail: conn=0(13); msg=Timeout; context=<futu.quote.open_quote_context.OpenQuoteContext object at 0x7845bdfa0980>
2026-05-25 18:32:34 | FutuConnector | INFO | Market prefix set to US
2026-05-25 18:32:34 | LiveTradingLoop | INFO | [MARKET_IDLE] Running market analysis...
2026-05-25 18:32:34 | LiveTradingLoop | INFO | [MARKET_IDLE] Risk updated: neutral (x1.0)
2026-05-25 18:32:34 | LiveTradingLoop | INFO | [MARKET_IDLE] Outside HK/US trading hours; collect_only=69 auto_trade=False
2026-05-25 18:32:34 | LiveTradingLoop | INFO | [IDLE_COLLECT] Syncing 69 symbols...
证券代码 "0700.HK" 可能有误
2026-05-25 18:32:37,593 | 18361 | 132240901650112 | [open_context_base.py:434] _connect_sync: Connect fail: conn=0(14); msg=Timeout; context=<futu.quote.open_quote_context.OpenQuoteContext object at 0x7845bdfa0980>
证券代码 "9988.HK" 可能有误
证券代码 "3690.HK" 可能有误
证券代码 "1024.HK" 可能有误
证券代码 "2318.HK" 可能有误
证券代码 "1299.HK" 可能有误
证券代码 "0939.HK" 可能有误
证券代码 "0005.HK" 可能有误
证券代码 "0388.HK" 可能有误
证券代码 "0960.HK" 可能有误
证券代码 "1109.HK" 可能有误
证券代码 "0941.HK" 可能有误
证券代码 "0175.HK" 可能有误
证券代码 "1810.HK" 可能有误
证券代码 "2688.HK" 可能有误
2026-05-25 18:33:03,676 | 18361 | 132240901650112 | [open_context_base.py:434] _connect_sync: Connect fail: conn=0(15); msg=Timeout; context=<futu.quote.open_quote_context.OpenQuoteContext object at 0x7845bdfa0980>
证券代码 "2269.HK" 可能有误
证券代码 "1211.HK" 可能有误
证券代码 "2018.HK" 可能有误
证券代码 "0688.HK" 可能有误
2026-05-25 18:33:29,765 | 18361 | 132240901650112 | [open_context_base.py:434] _connect_sync: Connect fail: conn=0(16); msg=Timeout; context=<futu.quote.open_quote_context.OpenQuoteContext object at 0x7845bdfa0980>
2026-05-25 18:33:55,787 | 18361 | 132240901650112 | [open_context_base.py:434] _connect_sync: Connect fail: conn=0(17); msg=Timeout; context=<futu.quote.open_quote_context.OpenQuoteContext object at 0x7845bdfa0980>
2026-05-25 18:34:24,768 | 18361 | 132240901650112 | [open_context_base.py:434] _connect_sync: Connect fail: conn=0(18); msg=Timeout; context=<futu.quote.open_quote_context.OpenQuoteContext object at 0x7845bdfa0980>
2026-05-25 18:34:45 | FutuConnector | INFO | Market prefix set to US
2026-05-25 18:34:45 | LiveTradingLoop | INFO | [MARKET_IDLE] Running market analysis...
2026-05-25 18:34:45 | LiveTradingLoop | INFO | [MARKET_IDLE] Risk updated: neutral (x1.0)
2026-05-25 18:34:45 | LiveTradingLoop | INFO | [MARKET_IDLE] Outside HK/US trading hours; collect_only=69 auto_trade=False
2026-05-25 18:34:45 | LiveTradingLoop | INFO | [IDLE_COLLECT] Syncing 69 symbols...
证券代码 "0700.HK" 可能有误
2026-05-25 18:34:50,854 | 18361 | 132240901650112 | [open_context_base.py:434] _connect_sync: Connect fail: conn=0(19); msg=Timeout; context=<futu.quote.open_quote_context.OpenQuoteContext object at 0x7845bdfa0980>
证券代码 "9988.HK" 可能有误
证券代码 "3690.HK" 可能有误
证券代码 "1024.HK" 可能有误
证券代码 "2318.HK" 可能有误
证券代码 "1299.HK" 可能有误
证券代码 "0939.HK" 可能有误
证券代码 "0005.HK" 可能有误
证券代码 "0388.HK" 可能有误
证券代码 "0960.HK" 可能有误
证券代码 "1109.HK" 可能有误
证券代码 "0941.HK" 可能有误
证券代码 "0175.HK" 可能有误
证券代码 "1810.HK" 可能有误
证券代码 "2688.HK" 可能有误
2026-05-25 18:35:16,953 | 18361 | 132240901650112 | [open_context_base.py:434] _connect_sync: Connect fail: conn=0(20); msg=Timeout; context=<futu.quote.open_quote_context.OpenQuoteContext object at 0x7845bdfa0980>
证券代码 "2269.HK" 可能有误
证券代码 "1211.HK" 可能有误
证券代码 "2018.HK" 可能有误
证券代码 "0688.HK" 可能有误
2026-05-25 18:35:45,295 | 18361 | 132240901650112 | [open_context_base.py:434] _connect_sync: Connect fail: conn=0(21); msg=Timeout; context=<futu.quote.open_quote_context.OpenQuoteContext object at 0x7845bdfa0980>
2026-05-25 18:36:11,322 | 18361 | 132240901650112 | [open_context_base.py:434] _connect_sync: Connect fail: conn=0(22); msg=Timeout; context=<futu.quote.open_quote_context.OpenQuoteContext object at 0x7845bdfa0980>
2026-05-25 18:36:37,416 | 18361 | 132240901650112 | [open_context_base.py:434] _connect_sync: Connect fail: conn=0(23); msg=Timeout; context=<futu.quote.open_quote_context.OpenQuoteContext object at 0x7845bdfa0980>
2026-05-25 18:36:58 | FutuConnector | INFO | Market prefix set to US
2026-05-25 18:36:58 | LiveTradingLoop | INFO | [MARKET_IDLE] Running market analysis...
2026-05-25 18:36:59 | LiveTradingLoop | INFO | [MARKET_IDLE] Risk updated: risk_on (x1.1)
2026-05-25 18:36:59 | LiveTradingLoop | INFO | [MARKET_IDLE] Outside HK/US trading hours; collect_only=69 auto_trade=False
2026-05-25 18:36:59 | LiveTradingLoop | INFO | [IDLE_COLLECT] Syncing 69 symbols...
证券代码 "0700.HK" 可能有误
2026-05-25 18:37:03,463 | 18361 | 132240901650112 | [open_context_base.py:434] _connect_sync: Connect fail: conn=0(24); msg=Timeout; context=<futu.quote.open_quote_context.OpenQuoteContext object at 0x7845bdfa0980>
证券代码 "9988.HK" 可能有误
证券代码 "3690.HK" 可能有误
证券代码 "1024.HK" 可能有误
证券代码 "2318.HK" 可能有误
证券代码 "1299.HK" 可能有误
证券代码 "0939.HK" 可能有误
证券代码 "0005.HK" 可能有误
证券代码 "0388.HK" 可能有误
证券代码 "0960.HK" 可能有误
2026-05-25 18:37:31,345 | 18361 | 132240901650112 | [open_context_base.py:434] _connect_sync: Connect fail: conn=0(25); msg=Timeout; context=<futu.quote.open_quote_context.OpenQuoteContext object at 0x7845bdfa0980>
证券代码 "0941.HK" 可能有误
证券代码 "0175.HK" 可能有误
证券代码 "1810.HK" 可能有误
证券代码 "2688.HK" 可能有误
证券代码 "2269.HK" 可能有误
证券代码 "1211.HK" 可能有误
2026-05-25 18:37:57,373 | 18361 | 132240901650112 | [open_context_base.py:434] _connect_sync: Connect fail: conn=0(26); msg=Timeout; context=<futu.quote.open_quote_context.OpenQuoteContext object at 0x7845bdfa0980>
证券代码 "2018.HK" 可能有误
证券代码 "0688.HK" 可能有误
证券代码 "1109.HK" 可能有误
2026-05-25 18:38:23,465 | 18361 | 132240901650112 | [open_context_base.py:434] _connect_sync: Connect fail: conn=0(27); msg=Timeout; context=<futu.quote.open_quote_context.OpenQuoteContext object at 0x7845bdfa0980>
2026-05-25 18:38:29 | LiveTradingLoop | WARNING | [IDLE_COLLECT] Completed: fetched=68 timed_out=1 errors=0 / 69 symbols
2026-05-25 18:38:49,546 | 18361 | 132240901650112 | [open_context_base.py:434] _connect_sync: Connect fail: conn=0(28); msg=Timeout; context=<futu.quote.open_quote_context.OpenQuoteContext object at 0x7845bdfa0980>
2026-05-25 18:39:17,730 | 18361 | 132240901650112 | [open_context_base.py:434] _connect_sync: Connect fail: conn=0(29); msg=Timeout; context=<futu.quote.open_quote_context.OpenQuoteContext object at 0x7845bdfa0980>
2026-05-25 18:39:35 | FutuConnector | INFO | Market prefix set to US
2026-05-25 18:39:35 | LiveTradingLoop | INFO | [MARKET_IDLE] Running market analysis...
2026-05-25 18:39:36 | LiveTradingLoop | INFO | [MARKET_IDLE] Risk updated: risk_on (x1.1)
2026-05-25 18:39:36 | LiveTradingLoop | INFO | [MARKET_IDLE] Outside HK/US trading hours; collect_only=69 auto_trade=False
2026-05-25 18:39:36 | LiveTradingLoop | INFO | [IDLE_COLLECT] Syncing 69 symbols...
证券代码 "0700.HK" 可能有误
证券代码 "9988.HK" 可能有误
证券代码 "3690.HK" 可能有误
2026-05-25 18:39:43,756 | 18361 | 132240901650112 | [open_context_base.py:434] _connect_sync: Connect fail: conn=0(30); msg=Timeout; context=<futu.quote.open_quote_context.OpenQuoteContext object at 0x7845bdfa0980>
证券代码 "1024.HK" 可能有误
证券代码 "2318.HK" 可能有误
证券代码 "1299.HK" 可能有误
证券代码 "0939.HK" 可能有误
证券代码 "0005.HK" 可能有误
证券代码 "0388.HK" 可能有误
证券代码 "0960.HK" 可能有误
证券代码 "1109.HK" 可能有误
证券代码 "0941.HK" 可能有误
证券代码 "0175.HK" 可能有误
证券代码 "1810.HK" 可能有误
证券代码 "2688.HK" 可能有误
2026-05-25 18:40:09,849 | 18361 | 132240901650112 | [open_context_base.py:434] _connect_sync: Connect fail: conn=0(31); msg=Timeout; context=<futu.quote.open_quote_context.OpenQuoteContext object at 0x7845bdfa0980>
证券代码 "2269.HK" 可能有误
证券代码 "1211.HK" 可能有误
证券代码 "2018.HK" 可能有误
证券代码 "0688.HK" 可能有误
2026-05-25 18:40:35,899 | 18361 | 132240901650112 | [open_context_base.py:434] _connect_sync: Connect fail: conn=0(32); msg=Timeout; context=<futu.quote.open_quote_context.OpenQuoteContext object at 0x7845bdfa0980>
2026-05-25 18:41:03,886 | 18361 | 132240901650112 | [open_context_base.py:434] _connect_sync: Connect fail: conn=0(33); msg=Timeout; context=<futu.quote.open_quote_context.OpenQuoteContext object at 0x7845bdfa0980>
2026-05-25 18:41:29,913 | 18361 | 132240901650112 | [open_context_base.py:434] _connect_sync: Connect fail: conn=0(34); msg=Timeout; context=<futu.quote.open_quote_context.OpenQuoteContext object at 0x7845bdfa0980>
2026-05-25 18:41:52 | FutuConnector | INFO | Market prefix set to US
2026-05-25 18:41:53 | LiveTradingLoop | INFO | [MARKET_IDLE] Running market analysis...
2026-05-25 18:41:53 | LiveTradingLoop | INFO | [MARKET_IDLE] Risk updated: neutral (x1.0)
2026-05-25 18:41:53 | LiveTradingLoop | INFO | [MARKET_IDLE] Outside HK/US trading hours; collect_only=69 auto_trade=False
2026-05-25 18:41:53 | LiveTradingLoop | INFO | [IDLE_COLLECT] Syncing 69 symbols...
证券代码 "0700.HK" 可能有误
2026-05-25 18:41:56,000 | 18361 | 132240901650112 | [open_context_base.py:434] _connect_sync: Connect fail: conn=0(35); msg=Timeout; context=<futu.quote.open_quote_context.OpenQuoteContext object at 0x7845bdfa0980>
证券代码 "9988.HK" 可能有误
证券代码 "3690.HK" 可能有误
证券代码 "1024.HK" 可能有误
证券代码 "2318.HK" 可能有误
证券代码 "1299.HK" 可能有误
证券代码 "0939.HK" 可能有误
证券代码 "0005.HK" 可能有误
证券代码 "0388.HK" 可能有误
证券代码 "0960.HK" 可能有误
证券代码 "1109.HK" 可能有误
证券代码 "0941.HK" 可能有误
证券代码 "0175.HK" 可能有误
2026-05-25 18:42:22,082 | 18361 | 132240901650112 | [open_context_base.py:434] _connect_sync: Connect fail: conn=0(36); msg=Timeout; context=<futu.quote.open_quote_context.OpenQuoteContext object at 0x7845bdfa0980>
证券代码 "1810.HK" 可能有误
证券代码 "2688.HK" 可能有误
证券代码 "2269.HK" 可能有误
证券代码 "1211.HK" 可能有误
证券代码 "2018.HK" 可能有误
证券代码 "0688.HK" 可能有误
2026-05-25 18:42:50,269 | 18361 | 132240901650112 | [open_context_base.py:434] _connect_sync: Connect fail: conn=0(37); msg=Timeout; context=<futu.quote.open_quote_context.OpenQuoteContext object at 0x7845bdfa0980>
2026-05-25 18:43:16,295 | 18361 | 132240901650112 | [open_context_base.py:434] _connect_sync: Connect fail: conn=0(38); msg=Timeout; context=<futu.quote.open_quote_context.OpenQuoteContext object at 0x7845bdfa0980>
2026-05-25 18:43:42,374 | 18361 | 132240901650112 | [open_context_base.py:434] _connect_sync: Connect fail: conn=0(39); msg=Timeout; context=<futu.quote.open_quote_context.OpenQuoteContext object at 0x7845bdfa0980>
2026-05-25 18:44:07 | FutuConnector | INFO | Market prefix set to US
2026-05-25 18:44:07 | LiveTradingLoop | INFO | [MARKET_IDLE] Running market analysis...
2026-05-25 18:44:07 | LiveTradingLoop | INFO | [MARKET_IDLE] Risk updated: neutral (x1.0)
2026-05-25 18:44:07 | LiveTradingLoop | INFO | [MARKET_IDLE] Outside HK/US trading hours; collect_only=69 auto_trade=False
2026-05-25 18:44:07 | LiveTradingLoop | INFO | [IDLE_COLLECT] Syncing 69 symbols...
2026-05-25 18:44:08,454 | 18361 | 132240901650112 | [open_context_base.py:434] _connect_sync: Connect fail: conn=0(40); msg=Timeout; context=<futu.quote.open_quote_context.OpenQuoteContext object at 0x7845bdfa0980>
证券代码 "0700.HK" 可能有误
证券代码 "9988.HK" 可能有误
证券代码 "3690.HK" 可能有误
证券代码 "1024.HK" 可能有误
证券代码 "2318.HK" 可能有误
证券代码 "1299.HK" 可能有误
证券代码 "0939.HK" 可能有误
证券代码 "0005.HK" 可能有误
证券代码 "0388.HK" 可能有误
证券代码 "0960.HK" 可能有误
证券代码 "1109.HK" 可能有误
2026-05-25 18:44:36,637 | 18361 | 132240901650112 | [open_context_base.py:434] _connect_sync: Connect fail: conn=0(41); msg=Timeout; context=<futu.quote.open_quote_context.OpenQuoteContext object at 0x7845bdfa0980>
证券代码 "0941.HK" 可能有误
证券代码 "0175.HK" 可能有误
证券代码 "1810.HK" 可能有误
证券代码 "2688.HK" 可能有误
证券代码 "2269.HK" 可能有误
证券代码 "1211.HK" 可能有误
证券代码 "2018.HK" 可能有误
证券代码 "0688.HK" 可能有误
2026-05-25 18:45:02,681 | 18361 | 132240901650112 | [open_context_base.py:434] _connect_sync: Connect fail: conn=0(42); msg=Timeout; context=<futu.quote.open_quote_context.OpenQuoteContext object at 0x7845bdfa0980>
2026-05-25 18:45:19 | LiveTradingLoop | WARNING | [IDLE_COLLECT] Completed: fetched=68 timed_out=1 errors=0 / 69 symbols
2026-05-25 18:45:28,683 | 18361 | 132240901650112 | [open_context_base.py:434] _connect_sync: Connect fail: conn=0(43); msg=Timeout; context=<futu.quote.open_quote_context.OpenQuoteContext object at 0x7845bdfa0980>
2026-05-25 18:45:54,762 | 18361 | 132240901650112 | [open_context_base.py:434] _connect_sync: Connect fail: conn=0(44); msg=Timeout; context=<futu.quote.open_quote_context.OpenQuoteContext object at 0x7845bdfa0980>
2026-05-25 18:46:22,947 | 18361 | 132240901650112 | [open_context_base.py:434] _connect_sync: Connect fail: conn=0(45); msg=Timeout; context=<futu.quote.open_quote_context.OpenQuoteContext object at 0x7845bdfa0980>
2026-05-25 18:46:25 | FutuConnector | INFO | Market prefix set to US
2026-05-25 18:46:25 | LiveTradingLoop | INFO | [MARKET_IDLE] Running market analysis...
2026-05-25 18:46:25 | LiveTradingLoop | INFO | [MARKET_IDLE] Risk updated: risk_on (x1.1)
2026-05-25 18:46:25 | LiveTradingLoop | INFO | [MARKET_IDLE] Outside HK/US trading hours; collect_only=69 auto_trade=False
2026-05-25 18:46:25 | LiveTradingLoop | INFO | [IDLE_COLLECT] Syncing 69 symbols...
证券代码 "0700.HK" 可能有误
证券代码 "9988.HK" 可能有误
证券代码 "3690.HK" 可能有误
证券代码 "1024.HK" 可能有误
证券代码 "2318.HK" 可能有误
证券代码 "1299.HK" 可能有误
证券代码 "0939.HK" 可能有误
证券代码 "0005.HK" 可能有误
2026-05-25 18:46:48,974 | 18361 | 132240901650112 | [open_context_base.py:434] _connect_sync: Connect fail: conn=0(46); msg=Timeout; context=<futu.quote.open_quote_context.OpenQuoteContext object at 0x7845bdfa0980>
证券代码 "0388.HK" 可能有误
证券代码 "0960.HK" 可能有误
证券代码 "1109.HK" 可能有误
证券代码 "0941.HK" 可能有误
证券代码 "0175.HK" 可能有误
证券代码 "1810.HK" 可能有误
证券代码 "2688.HK" 可能有误
证券代码 "2269.HK" 可能有误
2026-05-25 18:47:15,056 | 18361 | 132240901650112 | [open_context_base.py:434] _connect_sync: Connect fail: conn=0(47); msg=Timeout; context=<futu.quote.open_quote_context.OpenQuoteContext object at 0x7845bdfa0980>
证券代码 "1211.HK" 可能有误
证券代码 "2018.HK" 可能有误
证券代码 "0688.HK" 可能有误
2026-05-25 18:47:41,148 | 18361 | 132240901650112 | [open_context_base.py:434] _connect_sync: Connect fail: conn=0(48); msg=Timeout; context=<futu.quote.open_quote_context.OpenQuoteContext object at 0x7845bdfa0980>
2026-05-25 18:47:50 | LiveTradingLoop | WARNING | [IDLE_COLLECT] Completed: fetched=68 timed_out=1 errors=0 / 69 symbols
2026-05-25 18:48:09,332 | 18361 | 132240901650112 | [open_context_base.py:434] _connect_sync: Connect fail: conn=0(49); msg=Timeout; context=<futu.quote.open_quote_context.OpenQuoteContext object at 0x7845bdfa0980>
2026-05-25 18:48:35,358 | 18361 | 132240901650112 | [open_context_base.py:434] _connect_sync: Connect fail: conn=0(50); msg=Timeout; context=<futu.quote.open_quote_context.OpenQuoteContext object at 0x7845bdfa0980>
2026-05-25 18:48:56 | FutuConnector | INFO | Market prefix set to US
2026-05-25 18:48:56 | LiveTradingLoop | INFO | [MARKET_IDLE] Running market analysis...
2026-05-25 18:48:56 | LiveTradingLoop | INFO | [MARKET_IDLE] Risk updated: risk_on (x1.1)
2026-05-25 18:48:56 | LiveTradingLoop | INFO | [MARKET_IDLE] Outside HK/US trading hours; collect_only=69 auto_trade=False
2026-05-25 18:48:56 | LiveTradingLoop | INFO | [IDLE_COLLECT] Syncing 69 symbols...
证券代码 "0700.HK" 可能有误
2026-05-25 18:49:01,444 | 18361 | 132240901650112 | [open_context_base.py:434] _connect_sync: Connect fail: conn=0(51); msg=Timeout; context=<futu.quote.open_quote_context.OpenQuoteContext object at 0x7845bdfa0980>
证券代码 "9988.HK" 可能有误
证券代码 "3690.HK" 可能有误
证券代码 "1024.HK" 可能有误
证券代码 "2318.HK" 可能有误
证券代码 "1299.HK" 可能有误
证券代码 "0939.HK" 可能有误
证券代码 "0005.HK" 可能有误
证券代码 "0388.HK" 可能有误
证券代码 "0960.HK" 可能有误
证券代码 "1109.HK" 可能有误
证券代码 "0941.HK" 可能有误
证券代码 "0175.HK" 可能有误
证券代码 "1810.HK" 可能有误
证券代码 "2688.HK" 可能有误
证券代码 "2269.HK" 可能有误
2026-05-25 18:49:27,524 | 18361 | 132240901650112 | [open_context_base.py:434] _connect_sync: Connect fail: conn=0(52); msg=Timeout; context=<futu.quote.open_quote_context.OpenQuoteContext object at 0x7845bdfa0980>
证券代码 "1211.HK" 可能有误
证券代码 "2018.HK" 可能有误
证券代码 "0688.HK" 可能有误
2026-05-25 18:49:55,716 | 18361 | 132240901650112 | [open_context_base.py:434] _connect_sync: Connect fail: conn=0(53); msg=Timeout; context=<futu.quote.open_quote_context.OpenQuoteContext object at 0x7845bdfa0980>
2026-05-25 18:50:21,744 | 18361 | 132240901650112 | [open_context_base.py:434] _connect_sync: Connect fail: conn=0(54); msg=Timeout; context=<futu.quote.open_quote_context.OpenQuoteContext object at 0x7845bdfa0980>
2026-05-25 18:50:47,825 | 18361 | 132240901650112 | [open_context_base.py:434] _connect_sync: Connect fail: conn=0(55); msg=Timeout; context=<futu.quote.open_quote_context.OpenQuoteContext object at 0x7845bdfa0980>
2026-05-25 18:51:07 | FutuConnector | INFO | Market prefix set to US
2026-05-25 18:51:08 | LiveTradingLoop | INFO | [MARKET_IDLE] Running market analysis...
2026-05-25 18:51:08 | LiveTradingLoop | INFO | [MARKET_IDLE] Risk updated: risk_on (x1.1)
2026-05-25 18:51:08 | LiveTradingLoop | INFO | [MARKET_IDLE] Outside HK/US trading hours; collect_only=69 auto_trade=False
2026-05-25 18:51:08 | LiveTradingLoop | INFO | [IDLE_COLLECT] Syncing 69 symbols...
证券代码 "0700.HK" 可能有误
证券代码 "9988.HK" 可能有误
2026-05-25 18:51:13,913 | 18361 | 132240901650112 | [open_context_base.py:434] _connect_sync: Connect fail: conn=0(56); msg=Timeout; context=<futu.quote.open_quote_context.OpenQuoteContext object at 0x7845bdfa0980>
证券代码 "3690.HK" 可能有误
证券代码 "1024.HK" 可能有误
证券代码 "2318.HK" 可能有误
证券代码 "1299.HK" 可能有误
证券代码 "0939.HK" 可能有误
证券代码 "0005.HK" 可能有误
证券代码 "0388.HK" 可能有误
证券代码 "0960.HK" 可能有误
证券代码 "1109.HK" 可能有误
证券代码 "0941.HK" 可能有误
证券代码 "0175.HK" 可能有误
证券代码 "1810.HK" 可能有误
证券代码 "2688.HK" 可能有误
证券代码 "2269.HK" 可能有误
证券代码 "1211.HK" 可能有误
证券代码 "2018.HK" 可能有误
证券代码 "0688.HK" 可能有误
2026-05-25 18:51:42,105 | 18361 | 132240901650112 | [open_context_base.py:434] _connect_sync: Connect fail: conn=0(57); msg=Timeout; context=<futu.quote.open_quote_context.OpenQuoteContext object at 0x7845bdfa0980>
2026-05-25 18:52:08,135 | 18361 | 132240901650112 | [open_context_base.py:434] _connect_sync: Connect fail: conn=0(58); msg=Timeout; context=<futu.quote.open_quote_context.OpenQuoteContext object at 0x7845bdfa0980>
2026-05-25 18:52:34,196 | 18361 | 132240901650112 | [open_context_base.py:434] _connect_sync: Connect fail: conn=0(59); msg=Timeout; context=<futu.quote.open_quote_context.OpenQuoteContext object at 0x7845bdfa0980>
2026-05-25 18:53:00,268 | 18361 | 132240901650112 | [open_context_base.py:434] _connect_sync: Connect fail: conn=0(60); msg=Timeout; context=<futu.quote.open_quote_context.OpenQuoteContext object at 0x7845bdfa0980>
2026-05-25 18:53:12 | FutuConnector | INFO | Market prefix set to US
2026-05-25 18:53:12 | LiveTradingLoop | INFO | [MARKET_IDLE] Running market analysis...
2026-05-25 18:53:12 | LiveTradingLoop | INFO | [MARKET_IDLE] Risk updated: risk_on (x1.1)
2026-05-25 18:53:12 | LiveTradingLoop | INFO | [MARKET_IDLE] Outside HK/US trading hours; collect_only=69 auto_trade=False
2026-05-25 18:53:12 | LiveTradingLoop | INFO | [IDLE_COLLECT] Syncing 69 symbols...
证券代码 "0700.HK" 可能有误
证券代码 "9988.HK" 可能有误
证券代码 "3690.HK" 可能有误
证券代码 "1024.HK" 可能有误
证券代码 "2318.HK" 可能有误
证券代码 "1299.HK" 可能有误
2026-05-25 18:53:26,815 | 18361 | 132240901650112 | [open_context_base.py:434] _connect_sync: Connect fail: conn=0(61); msg=Timeout; context=<futu.quote.open_quote_context.OpenQuoteContext object at 0x7845bdfa0980>
证券代码 "0939.HK" 可能有误
证券代码 "0005.HK" 可能有误
证券代码 "0388.HK" 可能有误
证券代码 "0960.HK" 可能有误
证券代码 "1109.HK" 可能有误
证券代码 "0941.HK" 可能有误
证券代码 "0175.HK" 可能有误
证券代码 "1810.HK" 可能有误
证券代码 "2688.HK" 可能有误
证券代码 "2269.HK" 可能有误
证券代码 "1211.HK" 可能有误
证券代码 "2018.HK" 可能有误
证券代码 "0688.HK" 可能有误
2026-05-25 18:53:52,851 | 18361 | 132240901650112 | [open_context_base.py:434] _connect_sync: Connect fail: conn=0(62); msg=Timeout; context=<futu.quote.open_quote_context.OpenQuoteContext object at 0x7845bdfa0980>
2026-05-25 18:54:18,944 | 18361 | 132240901650112 | [open_context_base.py:434] _connect_sync: Connect fail: conn=0(63); msg=Timeout; context=<futu.quote.open_quote_context.OpenQuoteContext object at 0x7845bdfa0980>
2026-05-25 18:54:45,002 | 18361 | 132240901650112 | [open_context_base.py:434] _connect_sync: Connect fail: conn=0(64); msg=Timeout; context=<futu.quote.open_quote_context.OpenQuoteContext object at 0x7845bdfa0980>
2026-05-25 18:55:12,646 | 18361 | 132240901650112 | [open_context_base.py:434] _connect_sync: Connect fail: conn=0(65); msg=Timeout; context=<futu.quote.open_quote_context.OpenQuoteContext object at 0x7845bdfa0980>
2026-05-25 18:55:21 | FutuConnector | INFO | Market prefix set to US
2026-05-25 18:55:21 | LiveTradingLoop | INFO | [MARKET_IDLE] Running market analysis...
2026-05-25 18:55:21 | LiveTradingLoop | INFO | [MARKET_IDLE] Risk updated: risk_on (x1.1)
2026-05-25 18:55:21 | LiveTradingLoop | INFO | [MARKET_IDLE] Outside HK/US trading hours; collect_only=69 auto_trade=False
2026-05-25 18:55:21 | LiveTradingLoop | INFO | [IDLE_COLLECT] Syncing 69 symbols...
证券代码 "0700.HK" 可能有误
证券代码 "9988.HK" 可能有误
证券代码 "3690.HK" 可能有误
证券代码 "1024.HK" 可能有误
证券代码 "2318.HK" 可能有误
证券代码 "1299.HK" 可能有误
证券代码 "0939.HK" 可能有误
证券代码 "0005.HK" 可能有误
证券代码 "0388.HK" 可能有误
证券代码 "0960.HK" 可能有误
2026-05-25 18:55:38,681 | 18361 | 132240901650112 | [open_context_base.py:434] _connect_sync: Connect fail: conn=0(66); msg=Timeout; context=<futu.quote.open_quote_context.OpenQuoteContext object at 0x7845bdfa0980>
证券代码 "1109.HK" 可能有误
证券代码 "0941.HK" 可能有误
证券代码 "0175.HK" 可能有误
证券代码 "1810.HK" 可能有误
证券代码 "2688.HK" 可能有误
证券代码 "2269.HK" 可能有误
证券代码 "1211.HK" 可能有误
证券代码 "2018.HK" 可能有误
证券代码 "0688.HK" 可能有误
2026-05-25 18:56:04,773 | 18361 | 132240901650112 | [open_context_base.py:434] _connect_sync: Connect fail: conn=0(67); msg=Timeout; context=<futu.quote.open_quote_context.OpenQuoteContext object at 0x7845bdfa0980>
2026-05-25 18:56:30,855 | 18361 | 132240901650112 | [open_context_base.py:434] _connect_sync: Connect fail: conn=0(68); msg=Timeout; context=<futu.quote.open_quote_context.OpenQuoteContext object at 0x7845bdfa0980>
2026-05-25 18:56:58,948 | 18361 | 132240901650112 | [open_context_base.py:434] _connect_sync: Connect fail: conn=0(69); msg=Timeout; context=<futu.quote.open_quote_context.OpenQuoteContext object at 0x7845bdfa0980>
2026-05-25 18:57:24,974 | 18361 | 132240901650112 | [open_context_base.py:434] _connect_sync: Connect fail: conn=0(70); msg=Timeout; context=<futu.quote.open_quote_context.OpenQuoteContext object at 0x7845bdfa0980>
2026-05-25 18:57:28 | FutuConnector | INFO | Market prefix set to US
2026-05-25 18:57:28 | LiveTradingLoop | INFO | [MARKET_IDLE] Running market analysis...
2026-05-25 18:57:28 | LiveTradingLoop | INFO | [MARKET_IDLE] Risk updated: neutral (x1.0)
2026-05-25 18:57:28 | LiveTradingLoop | INFO | [MARKET_IDLE] Outside HK/US trading hours; collect_only=69 auto_trade=False
2026-05-25 18:57:28 | LiveTradingLoop | INFO | [IDLE_COLLECT] Syncing 69 symbols...
证券代码 "0700.HK" 可能有误
证券代码 "9988.HK" 可能有误
证券代码 "3690.HK" 可能有误
证券代码 "1024.HK" 可能有误
证券代码 "2318.HK" 可能有误
证券代码 "1299.HK" 可能有误
2026-05-25 18:57:51,026 | 18361 | 132240901650112 | [open_context_base.py:434] _connect_sync: Connect fail: conn=0(71); msg=Timeout; context=<futu.quote.open_quote_context.OpenQuoteContext object at 0x7845bdfa0980>
证券代码 "0939.HK" 可能有误
证券代码 "0005.HK" 可能有误
证券代码 "0388.HK" 可能有误
证券代码 "0960.HK" 可能有误
证券代码 "1109.HK" 可能有误
证券代码 "0941.HK" 可能有误
证券代码 "0175.HK" 可能有误
证券代码 "1810.HK" 可能有误
证券代码 "2688.HK" 可能有误
证券代码 "2269.HK" 可能有误
证券代码 "1211.HK" 可能有误
2026-05-25 18:58:17,104 | 18361 | 132240901650112 | [open_context_base.py:434] _connect_sync: Connect fail: conn=0(72); msg=Timeout; context=<futu.quote.open_quote_context.OpenQuoteContext object at 0x7845bdfa0980>
证券代码 "2018.HK" 可能有误
证券代码 "0688.HK" 可能有误
2026-05-25 18:58:45,085 | 18361 | 132240901650112 | [open_context_base.py:434] _connect_sync: Connect fail: conn=0(73); msg=Timeout; context=<futu.quote.open_quote_context.OpenQuoteContext object at 0x7845bdfa0980>
2026-05-25 18:59:11,110 | 18361 | 132240901650112 | [open_context_base.py:434] _connect_sync: Connect fail: conn=0(74); msg=Timeout; context=<futu.quote.open_quote_context.OpenQuoteContext object at 0x7845bdfa0980>
2026-05-25 18:59:37,193 | 18361 | 132240901650112 | [open_context_base.py:434] _connect_sync: Connect fail: conn=0(75); msg=Timeout; context=<futu.quote.open_quote_context.OpenQuoteContext object at 0x7845bdfa0980>
2026-05-25 18:59:52 | FutuConnector | INFO | Market prefix set to US
2026-05-25 18:59:52 | LiveTradingLoop | INFO | [MARKET_IDLE] Running market analysis...
2026-05-25 18:59:56 | LiveTradingLoop | INFO | [MARKET_IDLE] Risk updated: neutral (x1.0)
2026-05-25 18:59:56 | LiveTradingLoop | INFO | [MARKET_IDLE] Outside HK/US trading hours; collect_only=69 auto_trade=False
2026-05-25 18:59:56 | LiveTradingLoop | INFO | [IDLE_COLLECT] Syncing 69 symbols...
证券代码 "0700.HK" 可能有误
证券代码 "9988.HK" 可能有误
证券代码 "3690.HK" 可能有误
2026-05-25 19:00:03,289 | 18361 | 132240901650112 | [open_context_base.py:434] _connect_sync: Connect fail: conn=0(76); msg=Timeout; context=<futu.quote.open_quote_context.OpenQuoteContext object at 0x7845bdfa0980>
证券代码 "1024.HK" 可能有误
证券代码 "2318.HK" 可能有误
证券代码 "1299.HK" 可能有误
证券代码 "0939.HK" 可能有误
证券代码 "0005.HK" 可能有误
证券代码 "0388.HK" 可能有误
证券代码 "0960.HK" 可能有误
证券代码 "1109.HK" 可能有误
证券代码 "0941.HK" 可能有误
证券代码 "0175.HK" 可能有误
证券代码 "1810.HK" 可能有误
证券代码 "2688.HK" 可能有误
证券代码 "2269.HK" 可能有误
证券代码 "1211.HK" 可能有误
证券代码 "2018.HK" 可能有误
证券代码 "0688.HK" 可能有误
2026-05-25 19:00:31,152 | 18361 | 132240901650112 | [open_context_base.py:434] _connect_sync: Connect fail: conn=0(77); msg=Timeout; context=<futu.quote.open_quote_context.OpenQuoteContext object at 0x7845bdfa0980>
2026-05-25 19:00:57,199 | 18361 | 132240901650112 | [open_context_base.py:434] _connect_sync: Connect fail: conn=0(78); msg=Timeout; context=<futu.quote.open_quote_context.OpenQuoteContext object at 0x7845bdfa0980>
2026-05-25 19:01:23,248 | 18361 | 132240901650112 | [open_context_base.py:434] _connect_sync: Connect fail: conn=0(79); msg=Timeout; context=<futu.quote.open_quote_context.OpenQuoteContext object at 0x7845bdfa0980>
2026-05-25 19:01:49,327 | 18361 | 132240901650112 | [open_context_base.py:434] _connect_sync: Connect fail: conn=0(80); msg=Timeout; context=<futu.quote.open_quote_context.OpenQuoteContext object at 0x7845bdfa0980>
2026-05-25 19:02:04 | FutuConnector | INFO | Market prefix set to US
2026-05-25 19:02:04 | LiveTradingLoop | INFO | [MARKET_IDLE] Running market analysis...
2026-05-25 19:02:05 | LiveTradingLoop | INFO | [MARKET_IDLE] Risk updated: risk_on (x1.1)
2026-05-25 19:02:05 | LiveTradingLoop | INFO | [MARKET_IDLE] Outside HK/US trading hours; collect_only=69 auto_trade=False
2026-05-25 19:02:05 | LiveTradingLoop | INFO | [IDLE_COLLECT] Syncing 69 symbols...
证券代码 "0700.HK" 可能有误
证券代码 "9988.HK" 可能有误
证券代码 "3690.HK" 可能有误
2026-05-25 19:02:17,233 | 18361 | 132240901650112 | [open_context_base.py:434] _connect_sync: Connect fail: conn=0(81); msg=Timeout; context=<futu.quote.open_quote_context.OpenQuoteContext object at 0x7845bdfa0980>
证券代码 "1024.HK" 可能有误
证券代码 "2318.HK" 可能有误
证券代码 "1299.HK" 可能有误
证券代码 "0939.HK" 可能有误
证券代码 "0005.HK" 可能有误
证券代码 "0388.HK" 可能有误
证券代码 "0960.HK" 可能有误
证券代码 "1109.HK" 可能有误
证券代码 "0941.HK" 可能有误
证券代码 "0175.HK" 可能有误
证券代码 "1810.HK" 可能有误
证券代码 "2688.HK" 可能有误
2026-05-25 19:02:43,264 | 18361 | 132240901650112 | [open_context_base.py:434] _connect_sync: Connect fail: conn=0(82); msg=Timeout; context=<futu.quote.open_quote_context.OpenQuoteContext object at 0x7845bdfa0980>
证券代码 "2269.HK" 可能有误
证券代码 "1211.HK" 可能有误
证券代码 "2018.HK" 可能有误
证券代码 "0688.HK" 可能有误
2026-05-25 19:03:09,315 | 18361 | 132240901650112 | [open_context_base.py:434] _connect_sync: Connect fail: conn=0(83); msg=Timeout; context=<futu.quote.open_quote_context.OpenQuoteContext object at 0x7845bdfa0980>
2026-05-25 19:03:35,401 | 18361 | 132240901650112 | [open_context_base.py:434] _connect_sync: Connect fail: conn=0(84); msg=Timeout; context=<futu.quote.open_quote_context.OpenQuoteContext object at 0x7845bdfa0980>
2026-05-25 19:04:03,382 | 18361 | 132240901650112 | [open_context_base.py:434] _connect_sync: Connect fail: conn=0(85); msg=Timeout; context=<futu.quote.open_quote_context.OpenQuoteContext object at 0x7845bdfa0980>
2026-05-25 19:04:24 | FutuConnector | INFO | Market prefix set to US
2026-05-25 19:04:24 | LiveTradingLoop | INFO | [MARKET_IDLE] Running market analysis...
2026-05-25 19:04:24 | LiveTradingLoop | INFO | [MARKET_IDLE] Risk updated: neutral (x1.0)
2026-05-25 19:04:24 | LiveTradingLoop | INFO | [MARKET_IDLE] Outside HK/US trading hours; collect_only=69 auto_trade=False
2026-05-25 19:04:24 | LiveTradingLoop | INFO | [IDLE_COLLECT] Syncing 69 symbols...
证券代码 "0700.HK" 可能有误
证券代码 "9988.HK" 可能有误
2026-05-25 19:04:29,409 | 18361 | 132240901650112 | [open_context_base.py:434] _connect_sync: Connect fail: conn=0(86); msg=Timeout; context=<futu.quote.open_quote_context.OpenQuoteContext object at 0x7845bdfa0980>
证券代码 "3690.HK" 可能有误
证券代码 "1024.HK" 可能有误
证券代码 "2318.HK" 可能有误
证券代码 "1299.HK" 可能有误
证券代码 "0939.HK" 可能有误
证券代码 "0005.HK" 可能有误
证券代码 "0388.HK" 可能有误
证券代码 "0960.HK" 可能有误
证券代码 "1109.HK" 可能有误
证券代码 "0941.HK" 可能有误
证券代码 "0175.HK" 可能有误
证券代码 "1810.HK" 可能有误
证券代码 "2688.HK" 可能有误
证券代码 "2269.HK" 可能有误
证券代码 "1211.HK" 可能有误
证券代码 "2018.HK" 可能有误
2026-05-25 19:04:55,492 | 18361 | 132240901650112 | [open_context_base.py:434] _connect_sync: Connect fail: conn=0(87); msg=Timeout; context=<futu.quote.open_quote_context.OpenQuoteContext object at 0x7845bdfa0980>
证券代码 "0688.HK" 可能有误
2026-05-25 19:05:21,575 | 18361 | 132240901650112 | [open_context_base.py:434] _connect_sync: Connect fail: conn=0(88); msg=Timeout; context=<futu.quote.open_quote_context.OpenQuoteContext object at 0x7845bdfa0980>
2026-05-25 19:05:49,753 | 18361 | 132240901650112 | [open_context_base.py:434] _connect_sync: Connect fail: conn=0(89); msg=Timeout; context=<futu.quote.open_quote_context.OpenQuoteContext object at 0x7845bdfa0980>
2026-05-25 19:06:15,784 | 18361 | 132240901650112 | [open_context_base.py:434] _connect_sync: Connect fail: conn=0(90); msg=Timeout; context=<futu.quote.open_quote_context.OpenQuoteContext object at 0x7845bdfa0980>
2026-05-25 19:06:32 | FutuConnector | INFO | Market prefix set to US
2026-05-25 19:06:32 | LiveTradingLoop | INFO | [MARKET_IDLE] Running market analysis...
2026-05-25 19:06:33 | LiveTradingLoop | INFO | [MARKET_IDLE] Risk updated: risk_on (x1.1)
2026-05-25 19:06:33 | LiveTradingLoop | INFO | [MARKET_IDLE] Outside HK/US trading hours; collect_only=69 auto_trade=False
2026-05-25 19:06:33 | LiveTradingLoop | INFO | [IDLE_COLLECT] Syncing 69 symbols...
证券代码 "0700.HK" 可能有误
证券代码 "9988.HK" 可能有误
2026-05-25 19:06:41,877 | 18361 | 132240901650112 | [open_context_base.py:434] _connect_sync: Connect fail: conn=0(91); msg=Timeout; context=<futu.quote.open_quote_context.OpenQuoteContext object at 0x7845bdfa0980>
证券代码 "3690.HK" 可能有误
证券代码 "1024.HK" 可能有误
证券代码 "2318.HK" 可能有误
证券代码 "1299.HK" 可能有误
证券代码 "0939.HK" 可能有误
证券代码 "0005.HK" 可能有误
证券代码 "0388.HK" 可能有误
证券代码 "0960.HK" 可能有误
证券代码 "1109.HK" 可能有误
证券代码 "0941.HK" 可能有误
证券代码 "0175.HK" 可能有误
2026-05-25 19:07:07,892 | 18361 | 132240901650112 | [open_context_base.py:434] _connect_sync: Connect fail: conn=0(92); msg=Timeout; context=<futu.quote.open_quote_context.OpenQuoteContext object at 0x7845bdfa0980>
证券代码 "1810.HK" 可能有误
证券代码 "2688.HK" 可能有误
证券代码 "2269.HK" 可能有误
证券代码 "1211.HK" 可能有误
证券代码 "2018.HK" 可能有误
证券代码 "0688.HK" 可能有误
2026-05-25 19:07:33,925 | 18361 | 132240901650112 | [open_context_base.py:434] _connect_sync: Connect fail: conn=0(93); msg=Timeout; context=<futu.quote.open_quote_context.OpenQuoteContext object at 0x7845bdfa0980>
2026-05-25 19:07:59,946 | 18361 | 132240901650112 | [open_context_base.py:434] _connect_sync: Connect fail: conn=0(94); msg=Timeout; context=<futu.quote.open_quote_context.OpenQuoteContext object at 0x7845bdfa0980>
2026-05-25 19:08:25,988 | 18361 | 132240901650112 | [open_context_base.py:434] _connect_sync: Connect fail: conn=0(95); msg=Timeout; context=<futu.quote.open_quote_context.OpenQuoteContext object at 0x7845bdfa0980>
2026-05-25 19:08:45 | FutuConnector | INFO | Market prefix set to US
2026-05-25 19:08:45 | LiveTradingLoop | INFO | [MARKET_IDLE] Running market analysis...
2026-05-25 19:08:46 | LiveTradingLoop | INFO | [MARKET_IDLE] Risk updated: risk_on (x1.1)
2026-05-25 19:08:46 | LiveTradingLoop | INFO | [MARKET_IDLE] Outside HK/US trading hours; collect_only=69 auto_trade=False
2026-05-25 19:08:46 | LiveTradingLoop | INFO | [IDLE_COLLECT] Syncing 69 symbols...
证券代码 "0700.HK" 可能有误
证券代码 "9988.HK" 可能有误
2026-05-25 19:08:52,034 | 18361 | 132240901650112 | [open_context_base.py:434] _connect_sync: Connect fail: conn=0(96); msg=Timeout; context=<futu.quote.open_quote_context.OpenQuoteContext object at 0x7845bdfa0980>
证券代码 "3690.HK" 可能有误
证券代码 "1024.HK" 可能有误
证券代码 "2318.HK" 可能有误
2026-05-25 19:09:18,082 | 18361 | 132240901650112 | [open_context_base.py:434] _connect_sync: Connect fail: conn=0(97); msg=Timeout; context=<futu.quote.open_quote_context.OpenQuoteContext object at 0x7845bdfa0980>
证券代码 "1299.HK" 可能有误
2026-05-25 19:09:44,121 | 18361 | 132240901650112 | [open_context_base.py:434] _connect_sync: Connect fail: conn=0(98); msg=Timeout; context=<futu.quote.open_quote_context.OpenQuoteContext object at 0x7845bdfa0980>
证券代码 "0960.HK" 可能有误
证券代码 "1109.HK" 可能有误
证券代码 "0941.HK" 可能有误
证券代码 "0005.HK" 可能有误
证券代码 "0175.HK" 可能有误
证券代码 "0388.HK" 可能有误
证券代码 "1810.HK" 可能有误
证券代码 "2688.HK" 可能有误
2026-05-25 19:10:10,157 | 18361 | 132240901650112 | [open_context_base.py:434] _connect_sync: Connect fail: conn=0(99); msg=Timeout; context=<futu.quote.open_quote_context.OpenQuoteContext object at 0x7845bdfa0980>
证券代码 "2269.HK" 可能有误
证券代码 "1211.HK" 可能有误
证券代码 "2018.HK" 可能有误
证券代码 "0939.HK" 可能有误
证券代码 "0688.HK" 可能有误
2026-05-25 19:10:36,200 | 18361 | 132240901650112 | [open_context_base.py:434] _connect_sync: Connect fail: conn=0(100); msg=Timeout; context=<futu.quote.open_quote_context.OpenQuoteContext object at 0x7845bdfa0980>
2026-05-25 19:10:45 | LiveTradingLoop | WARNING | [IDLE_COLLECT] Completed: fetched=64 timed_out=5 errors=0 / 69 symbols
2026-05-25 19:11:02,243 | 18361 | 132240901650112 | [open_context_base.py:434] _connect_sync: Connect fail: conn=0(101); msg=Timeout; context=<futu.quote.open_quote_context.OpenQuoteContext object at 0x7845bdfa0980>
2026-05-25 19:11:28,286 | 18361 | 132240901650112 | [open_context_base.py:434] _connect_sync: Connect fail: conn=0(102); msg=Timeout; context=<futu.quote.open_quote_context.OpenQuoteContext object at 0x7845bdfa0980>
2026-05-25 19:11:45 | FutuConnector | INFO | Market prefix set to US
2026-05-25 19:11:45 | LiveTradingLoop | INFO | [MARKET_IDLE] Running market analysis...
2026-05-25 19:11:45 | LiveTradingLoop | INFO | [MARKET_IDLE] Risk updated: neutral (x1.0)
2026-05-25 19:11:45 | LiveTradingLoop | INFO | [MARKET_IDLE] Outside HK/US trading hours; collect_only=69 auto_trade=False
2026-05-25 19:11:45 | LiveTradingLoop | INFO | [IDLE_COLLECT] Syncing 69 symbols...
2026-05-25 19:11:54,324 | 18361 | 132240901650112 | [open_context_base.py:434] _connect_sync: Connect fail: conn=0(103); msg=Timeout; context=<futu.quote.open_quote_context.OpenQuoteContext object at 0x7845bdfa0980>
证券代码 "9988.HK" 可能有误
证券代码 "3690.HK" 可能有误
证券代码 "1024.HK" 可能有误
证券代码 "0700.HK" 可能有误
证券代码 "2318.HK" 可能有误
证券代码 "1299.HK" 可能有误
证券代码 "0939.HK" 可能有误
证券代码 "0005.HK" 可能有误
证券代码 "0388.HK" 可能有误
证券代码 "0960.HK" 可能有误
证券代码 "1109.HK" 可能有误
证券代码 "0941.HK" 可能有误
证券代码 "0175.HK" 可能有误
证券代码 "1810.HK" 可能有误
2026-05-25 19:12:20,369 | 18361 | 132240901650112 | [open_context_base.py:434] _connect_sync: Connect fail: conn=0(104); msg=Timeout; context=<futu.quote.open_quote_context.OpenQuoteContext object at 0x7845bdfa0980>
证券代码 "2688.HK" 可能有误
证券代码 "2269.HK" 可能有误
证券代码 "1211.HK" 可能有误
证券代码 "2018.HK" 可能有误
证券代码 "0688.HK" 可能有误
2026-05-25 19:12:46,430 | 18361 | 132240901650112 | [open_context_base.py:434] _connect_sync: Connect fail: conn=0(105); msg=Timeout; context=<futu.quote.open_quote_context.OpenQuoteContext object at 0x7845bdfa0980>
